10:28:40 **** Build of configuration Debug for project freertos_software_timer ****
make pre-build main-build 
a9-linaro-pre-build-step
' '
'Building file: ../src/freertos_software_timer.c'
'Invoking: ARM v7 gcc compiler'
arm-none-eabi-gcc -Wall -O0 -g3 -c -fmessage-length=0 -MT"src/freertos_software_timer.o" -mcpu=cortex-a9 -mfpu=vfpv3 -mfloat-abi=hard -I../../freertos_software_timer_bsp/ps7_cortexa9_0/include -MMD -MP -MF"src/freertos_software_timer.d" -MT"src/freertos_software_timer.o" -o "src/freertos_software_timer.o" "../src/freertos_software_timer.c"
'Finished building: ../src/freertos_software_timer.c'
' '
'Building target: freertos_software_timer.elf'
'Invoking: ARM v7 gcc linker'
arm-none-eabi-gcc -mcpu=cortex-a9 -mfpu=vfpv3 -mfloat-abi=hard -Wl,-build-id=none -specs=Xilinx.spec -Wl,-T -Wl,../src/lscript.ld -L../../freertos_software_timer_bsp/ps7_cortexa9_0/lib -o "freertos_software_timer.elf"  ./src/freertos_software_timer.o   -Wl,--start-group,-lxil,-lfreertos,-lgcc,-lc,--end-group
'Finished building target: freertos_software_timer.elf'
' '
'Invoking: ARM v7 Print Size'
arm-none-eabi-size freertos_software_timer.elf  |tee "freertos_software_timer.elf.size"
   text	   data	    bss	    dec	    hex	filename
  77716	   3388	  89424	 170528	  29a20	freertos_software_timer.elf
'Finished building: freertos_software_timer.elf.size'
' '

10:28:41 Build Finished (took 1s.730ms)

