10:27:30 **** Build of project freertos_software_timer_bsp ****
make -k all 
"Running Make include in ps7_cortexa9_0/libsrc/coresightps_dcc_v1_5/src"
make -C ps7_cortexa9_0/libsrc/coresightps_dcc_v1_5/src -s include  "SHELL=CMD" "COMPILER=arm-none-eabi-gcc" "ARCHIVER=arm-none-eabi-ar" "COMPILER_FLAGS=  -O2 -c" "EXTRA_COMPILER_FLAGS=-mcpu=cortex-a9 -mfpu=vfpv3 -mfloat-abi=hard -nostartfiles -g -Wall -Wextra"
"Running Make include in ps7_cortexa9_0/libsrc/cpu_cortexa9_v2_7/src"
make -C ps7_cortexa9_0/libsrc/cpu_cortexa9_v2_7/src -s include  "SHELL=CMD" "COMPILER=arm-none-eabi-gcc" "ARCHIVER=arm-none-eabi-ar" "COMPILER_FLAGS=  -O2 -c" "EXTRA_COMPILER_FLAGS=-mcpu=cortex-a9 -mfpu=vfpv3 -mfloat-abi=hard -nostartfiles -g -Wall -Wextra"
"Running Make include in ps7_cortexa9_0/libsrc/ddrps_v1_0/src"
make -C ps7_cortexa9_0/libsrc/ddrps_v1_0/src -s include  "SHELL=CMD" "COMPILER=arm-none-eabi-gcc" "ARCHIVER=arm-none-eabi-ar" "COMPILER_FLAGS=  -O2 -c" "EXTRA_COMPILER_FLAGS=-mcpu=cortex-a9 -mfpu=vfpv3 -mfloat-abi=hard -nostartfiles -g -Wall -Wextra"
"Running Make include in ps7_cortexa9_0/libsrc/devcfg_v3_5/src"
make -C ps7_cortexa9_0/libsrc/devcfg_v3_5/src -s include  "SHELL=CMD" "COMPILER=arm-none-eabi-gcc" "ARCHIVER=arm-none-eabi-ar" "COMPILER_FLAGS=  -O2 -c" "EXTRA_COMPILER_FLAGS=-mcpu=cortex-a9 -mfpu=vfpv3 -mfloat-abi=hard -nostartfiles -g -Wall -Wextra"
"Running Make include in ps7_cortexa9_0/libsrc/dmaps_v2_4/src"
make -C ps7_cortexa9_0/libsrc/dmaps_v2_4/src -s include  "SHELL=CMD" "COMPILER=arm-none-eabi-gcc" "ARCHIVER=arm-none-eabi-ar" "COMPILER_FLAGS=  -O2 -c" "EXTRA_COMPILER_FLAGS=-mcpu=cortex-a9 -mfpu=vfpv3 -mfloat-abi=hard -nostartfiles -g -Wall -Wextra"
"Running Make include in ps7_cortexa9_0/libsrc/emacps_v3_9/src"
make -C ps7_cortexa9_0/libsrc/emacps_v3_9/src -s include  "SHELL=CMD" "COMPILER=arm-none-eabi-gcc" "ARCHIVER=arm-none-eabi-ar" "COMPILER_FLAGS=  -O2 -c" "EXTRA_COMPILER_FLAGS=-mcpu=cortex-a9 -mfpu=vfpv3 -mfloat-abi=hard -nostartfiles -g -Wall -Wextra"
"Running Make include in ps7_cortexa9_0/libsrc/freertos10_xilinx_v1_3/src"
make -C ps7_cortexa9_0/libsrc/freertos10_xilinx_v1_3/src -s include  "SHELL=CMD" "COMPILER=arm-none-eabi-gcc" "ARCHIVER=arm-none-eabi-ar" "COMPILER_FLAGS=  -O2 -c" "EXTRA_COMPILER_FLAGS=-mcpu=cortex-a9 -mfpu=vfpv3 -mfloat-abi=hard -nostartfiles -g -Wall -Wextra"
"include"
"Running Make include in ps7_cortexa9_0/libsrc/gpiops_v3_5/src"
make -C ps7_cortexa9_0/libsrc/gpiops_v3_5/src -s include  "SHELL=CMD" "COMPILER=arm-none-eabi-gcc" "ARCHIVER=arm-none-eabi-ar" "COMPILER_FLAGS=  -O2 -c" "EXTRA_COMPILER_FLAGS=-mcpu=cortex-a9 -mfpu=vfpv3 -mfloat-abi=hard -nostartfiles -g -Wall -Wextra"
"Running Make include in ps7_cortexa9_0/libsrc/gpio_v4_4/src"
make -C ps7_cortexa9_0/libsrc/gpio_v4_4/src -s include  "SHELL=CMD" "COMPILER=arm-none-eabi-gcc" "ARCHIVER=arm-none-eabi-ar" "COMPILER_FLAGS=  -O2 -c" "EXTRA_COMPILER_FLAGS=-mcpu=cortex-a9 -mfpu=vfpv3 -mfloat-abi=hard -nostartfiles -g -Wall -Wextra"
"Running Make include in ps7_cortexa9_0/libsrc/qspips_v3_6/src"
make -C ps7_cortexa9_0/libsrc/qspips_v3_6/src -s include  "SHELL=CMD" "COMPILER=arm-none-eabi-gcc" "ARCHIVER=arm-none-eabi-ar" "COMPILER_FLAGS=  -O2 -c" "EXTRA_COMPILER_FLAGS=-mcpu=cortex-a9 -mfpu=vfpv3 -mfloat-abi=hard -nostartfiles -g -Wall -Wextra"
"Running Make include in ps7_cortexa9_0/libsrc/scugic_v4_0/src"
make -C ps7_cortexa9_0/libsrc/scugic_v4_0/src -s include  "SHELL=CMD" "COMPILER=arm-none-eabi-gcc" "ARCHIVER=arm-none-eabi-ar" "COMPILER_FLAGS=  -O2 -c" "EXTRA_COMPILER_FLAGS=-mcpu=cortex-a9 -mfpu=vfpv3 -mfloat-abi=hard -nostartfiles -g -Wall -Wextra"
"Running Make include in ps7_cortexa9_0/libsrc/scutimer_v2_1/src"
make -C ps7_cortexa9_0/libsrc/scutimer_v2_1/src -s include  "SHELL=CMD" "COMPILER=arm-none-eabi-gcc" "ARCHIVER=arm-none-eabi-ar" "COMPILER_FLAGS=  -O2 -c" "EXTRA_COMPILER_FLAGS=-mcpu=cortex-a9 -mfpu=vfpv3 -mfloat-abi=hard -nostartfiles -g -Wall -Wextra"
"Running Make include in ps7_cortexa9_0/libsrc/scuwdt_v2_1/src"
make -C ps7_cortexa9_0/libsrc/scuwdt_v2_1/src -s include  "SHELL=CMD" "COMPILER=arm-none-eabi-gcc" "ARCHIVER=arm-none-eabi-ar" "COMPILER_FLAGS=  -O2 -c" "EXTRA_COMPILER_FLAGS=-mcpu=cortex-a9 -mfpu=vfpv3 -mfloat-abi=hard -nostartfiles -g -Wall -Wextra"
"Running Make include in ps7_cortexa9_0/libsrc/sdps_v3_7/src"
make -C ps7_cortexa9_0/libsrc/sdps_v3_7/src -s include  "SHELL=CMD" "COMPILER=arm-none-eabi-gcc" "ARCHIVER=arm-none-eabi-ar" "COMPILER_FLAGS=  -O2 -c" "EXTRA_COMPILER_FLAGS=-mcpu=cortex-a9 -mfpu=vfpv3 -mfloat-abi=hard -nostartfiles -g -Wall -Wextra"
"Running Make include in ps7_cortexa9_0/libsrc/ttcps_v3_9/src"
make -C ps7_cortexa9_0/libsrc/ttcps_v3_9/src -s include  "SHELL=CMD" "COMPILER=arm-none-eabi-gcc" "ARCHIVER=arm-none-eabi-ar" "COMPILER_FLAGS=  -O2 -c" "EXTRA_COMPILER_FLAGS=-mcpu=cortex-a9 -mfpu=vfpv3 -mfloat-abi=hard -nostartfiles -g -Wall -Wextra"
"Running Make include in ps7_cortexa9_0/libsrc/uartps_v3_7/src"
make -C ps7_cortexa9_0/libsrc/uartps_v3_7/src -s include  "SHELL=CMD" "COMPILER=arm-none-eabi-gcc" "ARCHIVER=arm-none-eabi-ar" "COMPILER_FLAGS=  -O2 -c" "EXTRA_COMPILER_FLAGS=-mcpu=cortex-a9 -mfpu=vfpv3 -mfloat-abi=hard -nostartfiles -g -Wall -Wextra"
"Running Make include in ps7_cortexa9_0/libsrc/usbps_v2_4/src"
make -C ps7_cortexa9_0/libsrc/usbps_v2_4/src -s include  "SHELL=CMD" "COMPILER=arm-none-eabi-gcc" "ARCHIVER=arm-none-eabi-ar" "COMPILER_FLAGS=  -O2 -c" "EXTRA_COMPILER_FLAGS=-mcpu=cortex-a9 -mfpu=vfpv3 -mfloat-abi=hard -nostartfiles -g -Wall -Wextra"
"Running Make include in ps7_cortexa9_0/libsrc/xadcps_v2_3/src"
make -C ps7_cortexa9_0/libsrc/xadcps_v2_3/src -s include  "SHELL=CMD" "COMPILER=arm-none-eabi-gcc" "ARCHIVER=arm-none-eabi-ar" "COMPILER_FLAGS=  -O2 -c" "EXTRA_COMPILER_FLAGS=-mcpu=cortex-a9 -mfpu=vfpv3 -mfloat-abi=hard -nostartfiles -g -Wall -Wextra"
"Running Make libs in ps7_cortexa9_0/libsrc/coresightps_dcc_v1_5/src"
make -C ps7_cortexa9_0/libsrc/coresightps_dcc_v1_5/src -s libs  "SHELL=CMD" "COMPILER=arm-none-eabi-gcc" "ARCHIVER=arm-none-eabi-ar" "COMPILER_FLAGS=  -O2 -c" "EXTRA_COMPILER_FLAGS=-mcpu=cortex-a9 -mfpu=vfpv3 -mfloat-abi=hard -nostartfiles -g -Wall -Wextra"
"Compiling coresightps_dcc"
arm-none-eabi-ar: creating ../../../lib/libxil.a
"Running Make libs in ps7_cortexa9_0/libsrc/cpu_cortexa9_v2_7/src"
make -C ps7_cortexa9_0/libsrc/cpu_cortexa9_v2_7/src -s libs  "SHELL=CMD" "COMPILER=arm-none-eabi-gcc" "ARCHIVER=arm-none-eabi-ar" "COMPILER_FLAGS=  -O2 -c" "EXTRA_COMPILER_FLAGS=-mcpu=cortex-a9 -mfpu=vfpv3 -mfloat-abi=hard -nostartfiles -g -Wall -Wextra"
"Compiling cpu_cortexa9"
"Running Make libs in ps7_cortexa9_0/libsrc/ddrps_v1_0/src"
make -C ps7_cortexa9_0/libsrc/ddrps_v1_0/src -s libs  "SHELL=CMD" "COMPILER=arm-none-eabi-gcc" "ARCHIVER=arm-none-eabi-ar" "COMPILER_FLAGS=  -O2 -c" "EXTRA_COMPILER_FLAGS=-mcpu=cortex-a9 -mfpu=vfpv3 -mfloat-abi=hard -nostartfiles -g -Wall -Wextra"
"Compiling ddrps"
"Running Make libs in ps7_cortexa9_0/libsrc/devcfg_v3_5/src"
make -C ps7_cortexa9_0/libsrc/devcfg_v3_5/src -s libs  "SHELL=CMD" "COMPILER=arm-none-eabi-gcc" "ARCHIVER=arm-none-eabi-ar" "COMPILER_FLAGS=  -O2 -c" "EXTRA_COMPILER_FLAGS=-mcpu=cortex-a9 -mfpu=vfpv3 -mfloat-abi=hard -nostartfiles -g -Wall -Wextra"
"Compiling devcfg"
"Running Make libs in ps7_cortexa9_0/libsrc/dmaps_v2_4/src"
make -C ps7_cortexa9_0/libsrc/dmaps_v2_4/src -s libs  "SHELL=CMD" "COMPILER=arm-none-eabi-gcc" "ARCHIVER=arm-none-eabi-ar" "COMPILER_FLAGS=  -O2 -c" "EXTRA_COMPILER_FLAGS=-mcpu=cortex-a9 -mfpu=vfpv3 -mfloat-abi=hard -nostartfiles -g -Wall -Wextra"
"Compiling dmaps"
"Running Make libs in ps7_cortexa9_0/libsrc/emacps_v3_9/src"
make -C ps7_cortexa9_0/libsrc/emacps_v3_9/src -s libs  "SHELL=CMD" "COMPILER=arm-none-eabi-gcc" "ARCHIVER=arm-none-eabi-ar" "COMPILER_FLAGS=  -O2 -c" "EXTRA_COMPILER_FLAGS=-mcpu=cortex-a9 -mfpu=vfpv3 -mfloat-abi=hard -nostartfiles -g -Wall -Wextra"
"Compiling emacps"
"Running Make libs in ps7_cortexa9_0/libsrc/freertos10_xilinx_v1_3/src"
make -C ps7_cortexa9_0/libsrc/freertos10_xilinx_v1_3/src -s libs  "SHELL=CMD" "COMPILER=arm-none-eabi-gcc" "ARCHIVER=arm-none-eabi-ar" "COMPILER_FLAGS=  -O2 -c" "EXTRA_COMPILER_FLAGS=-mcpu=cortex-a9 -mfpu=vfpv3 -mfloat-abi=hard -nostartfiles -g -Wall -Wextra"
"Compiling standalone"
"Compiling FreeRTOS"
arm-none-eabi-ar: creating ../../../lib/libfreertos.a
"Running Make libs in ps7_cortexa9_0/libsrc/gpiops_v3_5/src"
make -C ps7_cortexa9_0/libsrc/gpiops_v3_5/src -s libs  "SHELL=CMD" "COMPILER=arm-none-eabi-gcc" "ARCHIVER=arm-none-eabi-ar" "COMPILER_FLAGS=  -O2 -c" "EXTRA_COMPILER_FLAGS=-mcpu=cortex-a9 -mfpu=vfpv3 -mfloat-abi=hard -nostartfiles -g -Wall -Wextra"
"Compiling gpiops"
"Running Make libs in ps7_cortexa9_0/libsrc/gpio_v4_4/src"
make -C ps7_cortexa9_0/libsrc/gpio_v4_4/src -s libs  "SHELL=CMD" "COMPILER=arm-none-eabi-gcc" "ARCHIVER=arm-none-eabi-ar" "COMPILER_FLAGS=  -O2 -c" "EXTRA_COMPILER_FLAGS=-mcpu=cortex-a9 -mfpu=vfpv3 -mfloat-abi=hard -nostartfiles -g -Wall -Wextra"
"Compiling gpio"
"Running Make libs in ps7_cortexa9_0/libsrc/qspips_v3_6/src"
make -C ps7_cortexa9_0/libsrc/qspips_v3_6/src -s libs  "SHELL=CMD" "COMPILER=arm-none-eabi-gcc" "ARCHIVER=arm-none-eabi-ar" "COMPILER_FLAGS=  -O2 -c" "EXTRA_COMPILER_FLAGS=-mcpu=cortex-a9 -mfpu=vfpv3 -mfloat-abi=hard -nostartfiles -g -Wall -Wextra"
"Compiling qspips"
"Running Make libs in ps7_cortexa9_0/libsrc/scugic_v4_0/src"
make -C ps7_cortexa9_0/libsrc/scugic_v4_0/src -s libs  "SHELL=CMD" "COMPILER=arm-none-eabi-gcc" "ARCHIVER=arm-none-eabi-ar" "COMPILER_FLAGS=  -O2 -c" "EXTRA_COMPILER_FLAGS=-mcpu=cortex-a9 -mfpu=vfpv3 -mfloat-abi=hard -nostartfiles -g -Wall -Wextra"
"Compiling scugic"
"Running Make libs in ps7_cortexa9_0/libsrc/scutimer_v2_1/src"
make -C ps7_cortexa9_0/libsrc/scutimer_v2_1/src -s libs  "SHELL=CMD" "COMPILER=arm-none-eabi-gcc" "ARCHIVER=arm-none-eabi-ar" "COMPILER_FLAGS=  -O2 -c" "EXTRA_COMPILER_FLAGS=-mcpu=cortex-a9 -mfpu=vfpv3 -mfloat-abi=hard -nostartfiles -g -Wall -Wextra"
"Compiling scutimer"
"Running Make libs in ps7_cortexa9_0/libsrc/scuwdt_v2_1/src"
make -C ps7_cortexa9_0/libsrc/scuwdt_v2_1/src -s libs  "SHELL=CMD" "COMPILER=arm-none-eabi-gcc" "ARCHIVER=arm-none-eabi-ar" "COMPILER_FLAGS=  -O2 -c" "EXTRA_COMPILER_FLAGS=-mcpu=cortex-a9 -mfpu=vfpv3 -mfloat-abi=hard -nostartfiles -g -Wall -Wextra"
"Compiling scuwdt"
"Running Make libs in ps7_cortexa9_0/libsrc/sdps_v3_7/src"
make -C ps7_cortexa9_0/libsrc/sdps_v3_7/src -s libs  "SHELL=CMD" "COMPILER=arm-none-eabi-gcc" "ARCHIVER=arm-none-eabi-ar" "COMPILER_FLAGS=  -O2 -c" "EXTRA_COMPILER_FLAGS=-mcpu=cortex-a9 -mfpu=vfpv3 -mfloat-abi=hard -nostartfiles -g -Wall -Wextra"
"Compiling sdps"
"Running Make libs in ps7_cortexa9_0/libsrc/ttcps_v3_9/src"
make -C ps7_cortexa9_0/libsrc/ttcps_v3_9/src -s libs  "SHELL=CMD" "COMPILER=arm-none-eabi-gcc" "ARCHIVER=arm-none-eabi-ar" "COMPILER_FLAGS=  -O2 -c" "EXTRA_COMPILER_FLAGS=-mcpu=cortex-a9 -mfpu=vfpv3 -mfloat-abi=hard -nostartfiles -g -Wall -Wextra"
"Compiling ttcps"
"Running Make libs in ps7_cortexa9_0/libsrc/uartps_v3_7/src"
make -C ps7_cortexa9_0/libsrc/uartps_v3_7/src -s libs  "SHELL=CMD" "COMPILER=arm-none-eabi-gcc" "ARCHIVER=arm-none-eabi-ar" "COMPILER_FLAGS=  -O2 -c" "EXTRA_COMPILER_FLAGS=-mcpu=cortex-a9 -mfpu=vfpv3 -mfloat-abi=hard -nostartfiles -g -Wall -Wextra"
"Compiling uartps"
"Running Make libs in ps7_cortexa9_0/libsrc/usbps_v2_4/src"
make -C ps7_cortexa9_0/libsrc/usbps_v2_4/src -s libs  "SHELL=CMD" "COMPILER=arm-none-eabi-gcc" "ARCHIVER=arm-none-eabi-ar" "COMPILER_FLAGS=  -O2 -c" "EXTRA_COMPILER_FLAGS=-mcpu=cortex-a9 -mfpu=vfpv3 -mfloat-abi=hard -nostartfiles -g -Wall -Wextra"
"Compiling usbps"
"Running Make libs in ps7_cortexa9_0/libsrc/xadcps_v2_3/src"
make -C ps7_cortexa9_0/libsrc/xadcps_v2_3/src -s libs  "SHELL=CMD" "COMPILER=arm-none-eabi-gcc" "ARCHIVER=arm-none-eabi-ar" "COMPILER_FLAGS=  -O2 -c" "EXTRA_COMPILER_FLAGS=-mcpu=cortex-a9 -mfpu=vfpv3 -mfloat-abi=hard -nostartfiles -g -Wall -Wextra"
"Compiling xadcps"
'Finished building libraries'
10:28:40 **** Build of configuration Debug for project freertos_software_timer ****
make pre-build main-build 
a9-linaro-pre-build-step
' '
'Building file: ../src/freertos_software_timer.c'
'Invoking: ARM v7 gcc compiler'
arm-none-eabi-gcc -Wall -O0 -g3 -c -fmessage-length=0 -MT"src/freertos_software_timer.o" -mcpu=cortex-a9 -mfpu=vfpv3 -mfloat-abi=hard -I../../freertos_software_timer_bsp/ps7_cortexa9_0/include -MMD -MP -MF"src/freertos_software_timer.d" -MT"src/freertos_software_timer.o" -o "src/freertos_software_timer.o" "../src/freertos_software_timer.c"
'Finished building: ../src/freertos_software_timer.c'
' '
'Building target: freertos_software_timer.elf'
'Invoking: ARM v7 gcc linker'
arm-none-eabi-gcc -mcpu=cortex-a9 -mfpu=vfpv3 -mfloat-abi=hard -Wl,-build-id=none -specs=Xilinx.spec -Wl,-T -Wl,../src/lscript.ld -L../../freertos_software_timer_bsp/ps7_cortexa9_0/lib -o "freertos_software_timer.elf"  ./src/freertos_software_timer.o   -Wl,--start-group,-lxil,-lfreertos,-lgcc,-lc,--end-group
'Finished building target: freertos_software_timer.elf'
' '
'Invoking: ARM v7 Print Size'
arm-none-eabi-size freertos_software_timer.elf  |tee "freertos_software_timer.elf.size"
   text	   data	    bss	    dec	    hex	filename
  77716	   3388	  89424	 170528	  29a20	freertos_software_timer.elf
'Finished building: freertos_software_timer.elf.size'
' '
10:44:47 **** Build of project rtos_software_timer_bsp ****
make -k all 
"Running Make include in ps7_cortexa9_0/libsrc/coresightps_dcc_v1_5/src"
make -C ps7_cortexa9_0/libsrc/coresightps_dcc_v1_5/src -s include  "SHELL=CMD" "COMPILER=arm-none-eabi-gcc" "ARCHIVER=arm-none-eabi-ar" "COMPILER_FLAGS=  -O2 -c" "EXTRA_COMPILER_FLAGS=-mcpu=cortex-a9 -mfpu=vfpv3 -mfloat-abi=hard -nostartfiles -g -Wall -Wextra"
"Running Make include in ps7_cortexa9_0/libsrc/cpu_cortexa9_v2_7/src"
make -C ps7_cortexa9_0/libsrc/cpu_cortexa9_v2_7/src -s include  "SHELL=CMD" "COMPILER=arm-none-eabi-gcc" "ARCHIVER=arm-none-eabi-ar" "COMPILER_FLAGS=  -O2 -c" "EXTRA_COMPILER_FLAGS=-mcpu=cortex-a9 -mfpu=vfpv3 -mfloat-abi=hard -nostartfiles -g -Wall -Wextra"
"Running Make include in ps7_cortexa9_0/libsrc/ddrps_v1_0/src"
make -C ps7_cortexa9_0/libsrc/ddrps_v1_0/src -s include  "SHELL=CMD" "COMPILER=arm-none-eabi-gcc" "ARCHIVER=arm-none-eabi-ar" "COMPILER_FLAGS=  -O2 -c" "EXTRA_COMPILER_FLAGS=-mcpu=cortex-a9 -mfpu=vfpv3 -mfloat-abi=hard -nostartfiles -g -Wall -Wextra"
"Running Make include in ps7_cortexa9_0/libsrc/devcfg_v3_5/src"
make -C ps7_cortexa9_0/libsrc/devcfg_v3_5/src -s include  "SHELL=CMD" "COMPILER=arm-none-eabi-gcc" "ARCHIVER=arm-none-eabi-ar" "COMPILER_FLAGS=  -O2 -c" "EXTRA_COMPILER_FLAGS=-mcpu=cortex-a9 -mfpu=vfpv3 -mfloat-abi=hard -nostartfiles -g -Wall -Wextra"
"Running Make include in ps7_cortexa9_0/libsrc/dmaps_v2_4/src"
make -C ps7_cortexa9_0/libsrc/dmaps_v2_4/src -s include  "SHELL=CMD" "COMPILER=arm-none-eabi-gcc" "ARCHIVER=arm-none-eabi-ar" "COMPILER_FLAGS=  -O2 -c" "EXTRA_COMPILER_FLAGS=-mcpu=cortex-a9 -mfpu=vfpv3 -mfloat-abi=hard -nostartfiles -g -Wall -Wextra"
"Running Make include in ps7_cortexa9_0/libsrc/emacps_v3_9/src"
make -C ps7_cortexa9_0/libsrc/emacps_v3_9/src -s include  "SHELL=CMD" "COMPILER=arm-none-eabi-gcc" "ARCHIVER=arm-none-eabi-ar" "COMPILER_FLAGS=  -O2 -c" "EXTRA_COMPILER_FLAGS=-mcpu=cortex-a9 -mfpu=vfpv3 -mfloat-abi=hard -nostartfiles -g -Wall -Wextra"
"Running Make include in ps7_cortexa9_0/libsrc/gpiops_v3_5/src"
make -C ps7_cortexa9_0/libsrc/gpiops_v3_5/src -s include  "SHELL=CMD" "COMPILER=arm-none-eabi-gcc" "ARCHIVER=arm-none-eabi-ar" "COMPILER_FLAGS=  -O2 -c" "EXTRA_COMPILER_FLAGS=-mcpu=cortex-a9 -mfpu=vfpv3 -mfloat-abi=hard -nostartfiles -g -Wall -Wextra"
"Running Make include in ps7_cortexa9_0/libsrc/gpio_v4_4/src"
make -C ps7_cortexa9_0/libsrc/gpio_v4_4/src -s include  "SHELL=CMD" "COMPILER=arm-none-eabi-gcc" "ARCHIVER=arm-none-eabi-ar" "COMPILER_FLAGS=  -O2 -c" "EXTRA_COMPILER_FLAGS=-mcpu=cortex-a9 -mfpu=vfpv3 -mfloat-abi=hard -nostartfiles -g -Wall -Wextra"
"Running Make include in ps7_cortexa9_0/libsrc/qspips_v3_6/src"
make -C ps7_cortexa9_0/libsrc/qspips_v3_6/src -s include  "SHELL=CMD" "COMPILER=arm-none-eabi-gcc" "ARCHIVER=arm-none-eabi-ar" "COMPILER_FLAGS=  -O2 -c" "EXTRA_COMPILER_FLAGS=-mcpu=cortex-a9 -mfpu=vfpv3 -mfloat-abi=hard -nostartfiles -g -Wall -Wextra"
"Running Make include in ps7_cortexa9_0/libsrc/scugic_v4_0/src"
make -C ps7_cortexa9_0/libsrc/scugic_v4_0/src -s include  "SHELL=CMD" "COMPILER=arm-none-eabi-gcc" "ARCHIVER=arm-none-eabi-ar" "COMPILER_FLAGS=  -O2 -c" "EXTRA_COMPILER_FLAGS=-mcpu=cortex-a9 -mfpu=vfpv3 -mfloat-abi=hard -nostartfiles -g -Wall -Wextra"
"Running Make include in ps7_cortexa9_0/libsrc/scutimer_v2_1/src"
make -C ps7_cortexa9_0/libsrc/scutimer_v2_1/src -s include  "SHELL=CMD" "COMPILER=arm-none-eabi-gcc" "ARCHIVER=arm-none-eabi-ar" "COMPILER_FLAGS=  -O2 -c" "EXTRA_COMPILER_FLAGS=-mcpu=cortex-a9 -mfpu=vfpv3 -mfloat-abi=hard -nostartfiles -g -Wall -Wextra"
"Running Make include in ps7_cortexa9_0/libsrc/scuwdt_v2_1/src"
make -C ps7_cortexa9_0/libsrc/scuwdt_v2_1/src -s include  "SHELL=CMD" "COMPILER=arm-none-eabi-gcc" "ARCHIVER=arm-none-eabi-ar" "COMPILER_FLAGS=  -O2 -c" "EXTRA_COMPILER_FLAGS=-mcpu=cortex-a9 -mfpu=vfpv3 -mfloat-abi=hard -nostartfiles -g -Wall -Wextra"
"Running Make include in ps7_cortexa9_0/libsrc/sdps_v3_7/src"
make -C ps7_cortexa9_0/libsrc/sdps_v3_7/src -s include  "SHELL=CMD" "COMPILER=arm-none-eabi-gcc" "ARCHIVER=arm-none-eabi-ar" "COMPILER_FLAGS=  -O2 -c" "EXTRA_COMPILER_FLAGS=-mcpu=cortex-a9 -mfpu=vfpv3 -mfloat-abi=hard -nostartfiles -g -Wall -Wextra"
"Running Make include in ps7_cortexa9_0/libsrc/standalone_v7_0/src"
make -C ps7_cortexa9_0/libsrc/standalone_v7_0/src -s include  "SHELL=CMD" "COMPILER=arm-none-eabi-gcc" "ARCHIVER=arm-none-eabi-ar" "COMPILER_FLAGS=  -O2 -c" "EXTRA_COMPILER_FLAGS=-mcpu=cortex-a9 -mfpu=vfpv3 -mfloat-abi=hard -nostartfiles -g -Wall -Wextra"
"Running Make include in ps7_cortexa9_0/libsrc/ttcps_v3_9/src"
make -C ps7_cortexa9_0/libsrc/ttcps_v3_9/src -s include  "SHELL=CMD" "COMPILER=arm-none-eabi-gcc" "ARCHIVER=arm-none-eabi-ar" "COMPILER_FLAGS=  -O2 -c" "EXTRA_COMPILER_FLAGS=-mcpu=cortex-a9 -mfpu=vfpv3 -mfloat-abi=hard -nostartfiles -g -Wall -Wextra"
"Running Make include in ps7_cortexa9_0/libsrc/uartps_v3_7/src"
make -C ps7_cortexa9_0/libsrc/uartps_v3_7/src -s include  "SHELL=CMD" "COMPILER=arm-none-eabi-gcc" "ARCHIVER=arm-none-eabi-ar" "COMPILER_FLAGS=  -O2 -c" "EXTRA_COMPILER_FLAGS=-mcpu=cortex-a9 -mfpu=vfpv3 -mfloat-abi=hard -nostartfiles -g -Wall -Wextra"
"Running Make include in ps7_cortexa9_0/libsrc/usbps_v2_4/src"
make -C ps7_cortexa9_0/libsrc/usbps_v2_4/src -s include  "SHELL=CMD" "COMPILER=arm-none-eabi-gcc" "ARCHIVER=arm-none-eabi-ar" "COMPILER_FLAGS=  -O2 -c" "EXTRA_COMPILER_FLAGS=-mcpu=cortex-a9 -mfpu=vfpv3 -mfloat-abi=hard -nostartfiles -g -Wall -Wextra"
"Running Make include in ps7_cortexa9_0/libsrc/xadcps_v2_3/src"
make -C ps7_cortexa9_0/libsrc/xadcps_v2_3/src -s include  "SHELL=CMD" "COMPILER=arm-none-eabi-gcc" "ARCHIVER=arm-none-eabi-ar" "COMPILER_FLAGS=  -O2 -c" "EXTRA_COMPILER_FLAGS=-mcpu=cortex-a9 -mfpu=vfpv3 -mfloat-abi=hard -nostartfiles -g -Wall -Wextra"
"Running Make libs in ps7_cortexa9_0/libsrc/coresightps_dcc_v1_5/src"
make -C ps7_cortexa9_0/libsrc/coresightps_dcc_v1_5/src -s libs  "SHELL=CMD" "COMPILER=arm-none-eabi-gcc" "ARCHIVER=arm-none-eabi-ar" "COMPILER_FLAGS=  -O2 -c" "EXTRA_COMPILER_FLAGS=-mcpu=cortex-a9 -mfpu=vfpv3 -mfloat-abi=hard -nostartfiles -g -Wall -Wextra"
"Compiling coresightps_dcc"
arm-none-eabi-ar: creating ../../../lib/libxil.a
"Running Make libs in ps7_cortexa9_0/libsrc/cpu_cortexa9_v2_7/src"
make -C ps7_cortexa9_0/libsrc/cpu_cortexa9_v2_7/src -s libs  "SHELL=CMD" "COMPILER=arm-none-eabi-gcc" "ARCHIVER=arm-none-eabi-ar" "COMPILER_FLAGS=  -O2 -c" "EXTRA_COMPILER_FLAGS=-mcpu=cortex-a9 -mfpu=vfpv3 -mfloat-abi=hard -nostartfiles -g -Wall -Wextra"
"Compiling cpu_cortexa9"
"Running Make libs in ps7_cortexa9_0/libsrc/ddrps_v1_0/src"
make -C ps7_cortexa9_0/libsrc/ddrps_v1_0/src -s libs  "SHELL=CMD" "COMPILER=arm-none-eabi-gcc" "ARCHIVER=arm-none-eabi-ar" "COMPILER_FLAGS=  -O2 -c" "EXTRA_COMPILER_FLAGS=-mcpu=cortex-a9 -mfpu=vfpv3 -mfloat-abi=hard -nostartfiles -g -Wall -Wextra"
"Compiling ddrps"
"Running Make libs in ps7_cortexa9_0/libsrc/devcfg_v3_5/src"
make -C ps7_cortexa9_0/libsrc/devcfg_v3_5/src -s libs  "SHELL=CMD" "COMPILER=arm-none-eabi-gcc" "ARCHIVER=arm-none-eabi-ar" "COMPILER_FLAGS=  -O2 -c" "EXTRA_COMPILER_FLAGS=-mcpu=cortex-a9 -mfpu=vfpv3 -mfloat-abi=hard -nostartfiles -g -Wall -Wextra"
"Compiling devcfg"
"Running Make libs in ps7_cortexa9_0/libsrc/dmaps_v2_4/src"
make -C ps7_cortexa9_0/libsrc/dmaps_v2_4/src -s libs  "SHELL=CMD" "COMPILER=arm-none-eabi-gcc" "ARCHIVER=arm-none-eabi-ar" "COMPILER_FLAGS=  -O2 -c" "EXTRA_COMPILER_FLAGS=-mcpu=cortex-a9 -mfpu=vfpv3 -mfloat-abi=hard -nostartfiles -g -Wall -Wextra"
"Compiling dmaps"
"Running Make libs in ps7_cortexa9_0/libsrc/emacps_v3_9/src"
make -C ps7_cortexa9_0/libsrc/emacps_v3_9/src -s libs  "SHELL=CMD" "COMPILER=arm-none-eabi-gcc" "ARCHIVER=arm-none-eabi-ar" "COMPILER_FLAGS=  -O2 -c" "EXTRA_COMPILER_FLAGS=-mcpu=cortex-a9 -mfpu=vfpv3 -mfloat-abi=hard -nostartfiles -g -Wall -Wextra"
"Compiling emacps"
"Running Make libs in ps7_cortexa9_0/libsrc/gpiops_v3_5/src"
make -C ps7_cortexa9_0/libsrc/gpiops_v3_5/src -s libs  "SHELL=CMD" "COMPILER=arm-none-eabi-gcc" "ARCHIVER=arm-none-eabi-ar" "COMPILER_FLAGS=  -O2 -c" "EXTRA_COMPILER_FLAGS=-mcpu=cortex-a9 -mfpu=vfpv3 -mfloat-abi=hard -nostartfiles -g -Wall -Wextra"
"Compiling gpiops"
"Running Make libs in ps7_cortexa9_0/libsrc/gpio_v4_4/src"
make -C ps7_cortexa9_0/libsrc/gpio_v4_4/src -s libs  "SHELL=CMD" "COMPILER=arm-none-eabi-gcc" "ARCHIVER=arm-none-eabi-ar" "COMPILER_FLAGS=  -O2 -c" "EXTRA_COMPILER_FLAGS=-mcpu=cortex-a9 -mfpu=vfpv3 -mfloat-abi=hard -nostartfiles -g -Wall -Wextra"
"Compiling gpio"
"Running Make libs in ps7_cortexa9_0/libsrc/qspips_v3_6/src"
make -C ps7_cortexa9_0/libsrc/qspips_v3_6/src -s libs  "SHELL=CMD" "COMPILER=arm-none-eabi-gcc" "ARCHIVER=arm-none-eabi-ar" "COMPILER_FLAGS=  -O2 -c" "EXTRA_COMPILER_FLAGS=-mcpu=cortex-a9 -mfpu=vfpv3 -mfloat-abi=hard -nostartfiles -g -Wall -Wextra"
"Compiling qspips"
"Running Make libs in ps7_cortexa9_0/libsrc/scugic_v4_0/src"
make -C ps7_cortexa9_0/libsrc/scugic_v4_0/src -s libs  "SHELL=CMD" "COMPILER=arm-none-eabi-gcc" "ARCHIVER=arm-none-eabi-ar" "COMPILER_FLAGS=  -O2 -c" "EXTRA_COMPILER_FLAGS=-mcpu=cortex-a9 -mfpu=vfpv3 -mfloat-abi=hard -nostartfiles -g -Wall -Wextra"
"Compiling scugic"
"Running Make libs in ps7_cortexa9_0/libsrc/scutimer_v2_1/src"
make -C ps7_cortexa9_0/libsrc/scutimer_v2_1/src -s libs  "SHELL=CMD" "COMPILER=arm-none-eabi-gcc" "ARCHIVER=arm-none-eabi-ar" "COMPILER_FLAGS=  -O2 -c" "EXTRA_COMPILER_FLAGS=-mcpu=cortex-a9 -mfpu=vfpv3 -mfloat-abi=hard -nostartfiles -g -Wall -Wextra"
"Compiling scutimer"
"Running Make libs in ps7_cortexa9_0/libsrc/scuwdt_v2_1/src"
make -C ps7_cortexa9_0/libsrc/scuwdt_v2_1/src -s libs  "SHELL=CMD" "COMPILER=arm-none-eabi-gcc" "ARCHIVER=arm-none-eabi-ar" "COMPILER_FLAGS=  -O2 -c" "EXTRA_COMPILER_FLAGS=-mcpu=cortex-a9 -mfpu=vfpv3 -mfloat-abi=hard -nostartfiles -g -Wall -Wextra"
"Compiling scuwdt"
"Running Make libs in ps7_cortexa9_0/libsrc/sdps_v3_7/src"
make -C ps7_cortexa9_0/libsrc/sdps_v3_7/src -s libs  "SHELL=CMD" "COMPILER=arm-none-eabi-gcc" "ARCHIVER=arm-none-eabi-ar" "COMPILER_FLAGS=  -O2 -c" "EXTRA_COMPILER_FLAGS=-mcpu=cortex-a9 -mfpu=vfpv3 -mfloat-abi=hard -nostartfiles -g -Wall -Wextra"
"Compiling sdps"
"Running Make libs in ps7_cortexa9_0/libsrc/standalone_v7_0/src"
make -C ps7_cortexa9_0/libsrc/standalone_v7_0/src -s libs  "SHELL=CMD" "COMPILER=arm-none-eabi-gcc" "ARCHIVER=arm-none-eabi-ar" "COMPILER_FLAGS=  -O2 -c" "EXTRA_COMPILER_FLAGS=-mcpu=cortex-a9 -mfpu=vfpv3 -mfloat-abi=hard -nostartfiles -g -Wall -Wextra"
"Compiling standalone"
In file included from usleep.c:56:
xtime_l.h:87:9: note: #pragma message: For the sleep routines, Global timer is being used
 #pragma message ("For the sleep routines, Global timer is being used")
         ^~~~~~~
In file included from xil_sleeptimer.c:51:
xtime_l.h:87:9: note: #pragma message: For the sleep routines, Global timer is being used
 #pragma message ("For the sleep routines, Global timer is being used")
         ^~~~~~~
In file included from xtime_l.c:49:
xtime_l.h:87:9: note: #pragma message: For the sleep routines, Global timer is being used
 #pragma message ("For the sleep routines, Global timer is being used")
         ^~~~~~~
In file included from sleep.c:53:
xtime_l.h:87:9: note: #pragma message: For the sleep routines, Global timer is being used
 #pragma message ("For the sleep routines, Global timer is being used")
         ^~~~~~~
"Running Make libs in ps7_cortexa9_0/libsrc/ttcps_v3_9/src"
make -C ps7_cortexa9_0/libsrc/ttcps_v3_9/src -s libs  "SHELL=CMD" "COMPILER=arm-none-eabi-gcc" "ARCHIVER=arm-none-eabi-ar" "COMPILER_FLAGS=  -O2 -c" "EXTRA_COMPILER_FLAGS=-mcpu=cortex-a9 -mfpu=vfpv3 -mfloat-abi=hard -nostartfiles -g -Wall -Wextra"
"Compiling ttcps"
"Running Make libs in ps7_cortexa9_0/libsrc/uartps_v3_7/src"
make -C ps7_cortexa9_0/libsrc/uartps_v3_7/src -s libs  "SHELL=CMD" "COMPILER=arm-none-eabi-gcc" "ARCHIVER=arm-none-eabi-ar" "COMPILER_FLAGS=  -O2 -c" "EXTRA_COMPILER_FLAGS=-mcpu=cortex-a9 -mfpu=vfpv3 -mfloat-abi=hard -nostartfiles -g -Wall -Wextra"
"Compiling uartps"
"Running Make libs in ps7_cortexa9_0/libsrc/usbps_v2_4/src"
make -C ps7_cortexa9_0/libsrc/usbps_v2_4/src -s libs  "SHELL=CMD" "COMPILER=arm-none-eabi-gcc" "ARCHIVER=arm-none-eabi-ar" "COMPILER_FLAGS=  -O2 -c" "EXTRA_COMPILER_FLAGS=-mcpu=cortex-a9 -mfpu=vfpv3 -mfloat-abi=hard -nostartfiles -g -Wall -Wextra"
"Compiling usbps"
"Running Make libs in ps7_cortexa9_0/libsrc/xadcps_v2_3/src"
make -C ps7_cortexa9_0/libsrc/xadcps_v2_3/src -s libs  "SHELL=CMD" "COMPILER=arm-none-eabi-gcc" "ARCHIVER=arm-none-eabi-ar" "COMPILER_FLAGS=  -O2 -c" "EXTRA_COMPILER_FLAGS=-mcpu=cortex-a9 -mfpu=vfpv3 -mfloat-abi=hard -nostartfiles -g -Wall -Wextra"
"Compiling xadcps"
'Finished building libraries'
10:46:10 **** Build of project rtos_software_timer_bsp ****
make -k all 
"Running Make include in ps7_cortexa9_0/libsrc/coresightps_dcc_v1_5/src"
make -C ps7_cortexa9_0/libsrc/coresightps_dcc_v1_5/src -s include  "SHELL=CMD" "COMPILER=arm-none-eabi-gcc" "ARCHIVER=arm-none-eabi-ar" "COMPILER_FLAGS=  -O2 -c" "EXTRA_COMPILER_FLAGS=-mcpu=cortex-a9 -mfpu=vfpv3 -mfloat-abi=hard -nostartfiles -g -Wall -Wextra"
"Running Make include in ps7_cortexa9_0/libsrc/cpu_cortexa9_v2_7/src"
make -C ps7_cortexa9_0/libsrc/cpu_cortexa9_v2_7/src -s include  "SHELL=CMD" "COMPILER=arm-none-eabi-gcc" "ARCHIVER=arm-none-eabi-ar" "COMPILER_FLAGS=  -O2 -c" "EXTRA_COMPILER_FLAGS=-mcpu=cortex-a9 -mfpu=vfpv3 -mfloat-abi=hard -nostartfiles -g -Wall -Wextra"
"Running Make include in ps7_cortexa9_0/libsrc/ddrps_v1_0/src"
make -C ps7_cortexa9_0/libsrc/ddrps_v1_0/src -s include  "SHELL=CMD" "COMPILER=arm-none-eabi-gcc" "ARCHIVER=arm-none-eabi-ar" "COMPILER_FLAGS=  -O2 -c" "EXTRA_COMPILER_FLAGS=-mcpu=cortex-a9 -mfpu=vfpv3 -mfloat-abi=hard -nostartfiles -g -Wall -Wextra"
"Running Make include in ps7_cortexa9_0/libsrc/devcfg_v3_5/src"
make -C ps7_cortexa9_0/libsrc/devcfg_v3_5/src -s include  "SHELL=CMD" "COMPILER=arm-none-eabi-gcc" "ARCHIVER=arm-none-eabi-ar" "COMPILER_FLAGS=  -O2 -c" "EXTRA_COMPILER_FLAGS=-mcpu=cortex-a9 -mfpu=vfpv3 -mfloat-abi=hard -nostartfiles -g -Wall -Wextra"
"Running Make include in ps7_cortexa9_0/libsrc/dmaps_v2_4/src"
make -C ps7_cortexa9_0/libsrc/dmaps_v2_4/src -s include  "SHELL=CMD" "COMPILER=arm-none-eabi-gcc" "ARCHIVER=arm-none-eabi-ar" "COMPILER_FLAGS=  -O2 -c" "EXTRA_COMPILER_FLAGS=-mcpu=cortex-a9 -mfpu=vfpv3 -mfloat-abi=hard -nostartfiles -g -Wall -Wextra"
"Running Make include in ps7_cortexa9_0/libsrc/emacps_v3_9/src"
make -C ps7_cortexa9_0/libsrc/emacps_v3_9/src -s include  "SHELL=CMD" "COMPILER=arm-none-eabi-gcc" "ARCHIVER=arm-none-eabi-ar" "COMPILER_FLAGS=  -O2 -c" "EXTRA_COMPILER_FLAGS=-mcpu=cortex-a9 -mfpu=vfpv3 -mfloat-abi=hard -nostartfiles -g -Wall -Wextra"
"Running Make include in ps7_cortexa9_0/libsrc/freertos10_xilinx_v1_3/src"
make -C ps7_cortexa9_0/libsrc/freertos10_xilinx_v1_3/src -s include  "SHELL=CMD" "COMPILER=arm-none-eabi-gcc" "ARCHIVER=arm-none-eabi-ar" "COMPILER_FLAGS=  -O2 -c" "EXTRA_COMPILER_FLAGS=-mcpu=cortex-a9 -mfpu=vfpv3 -mfloat-abi=hard -nostartfiles -g -Wall -Wextra"
"include"
"Running Make include in ps7_cortexa9_0/libsrc/gpiops_v3_5/src"
make -C ps7_cortexa9_0/libsrc/gpiops_v3_5/src -s include  "SHELL=CMD" "COMPILER=arm-none-eabi-gcc" "ARCHIVER=arm-none-eabi-ar" "COMPILER_FLAGS=  -O2 -c" "EXTRA_COMPILER_FLAGS=-mcpu=cortex-a9 -mfpu=vfpv3 -mfloat-abi=hard -nostartfiles -g -Wall -Wextra"
"Running Make include in ps7_cortexa9_0/libsrc/gpio_v4_4/src"
make -C ps7_cortexa9_0/libsrc/gpio_v4_4/src -s include  "SHELL=CMD" "COMPILER=arm-none-eabi-gcc" "ARCHIVER=arm-none-eabi-ar" "COMPILER_FLAGS=  -O2 -c" "EXTRA_COMPILER_FLAGS=-mcpu=cortex-a9 -mfpu=vfpv3 -mfloat-abi=hard -nostartfiles -g -Wall -Wextra"
"Running Make include in ps7_cortexa9_0/libsrc/qspips_v3_6/src"
make -C ps7_cortexa9_0/libsrc/qspips_v3_6/src -s include  "SHELL=CMD" "COMPILER=arm-none-eabi-gcc" "ARCHIVER=arm-none-eabi-ar" "COMPILER_FLAGS=  -O2 -c" "EXTRA_COMPILER_FLAGS=-mcpu=cortex-a9 -mfpu=vfpv3 -mfloat-abi=hard -nostartfiles -g -Wall -Wextra"
"Running Make include in ps7_cortexa9_0/libsrc/scugic_v4_0/src"
make -C ps7_cortexa9_0/libsrc/scugic_v4_0/src -s include  "SHELL=CMD" "COMPILER=arm-none-eabi-gcc" "ARCHIVER=arm-none-eabi-ar" "COMPILER_FLAGS=  -O2 -c" "EXTRA_COMPILER_FLAGS=-mcpu=cortex-a9 -mfpu=vfpv3 -mfloat-abi=hard -nostartfiles -g -Wall -Wextra"
"Running Make include in ps7_cortexa9_0/libsrc/scutimer_v2_1/src"
make -C ps7_cortexa9_0/libsrc/scutimer_v2_1/src -s include  "SHELL=CMD" "COMPILER=arm-none-eabi-gcc" "ARCHIVER=arm-none-eabi-ar" "COMPILER_FLAGS=  -O2 -c" "EXTRA_COMPILER_FLAGS=-mcpu=cortex-a9 -mfpu=vfpv3 -mfloat-abi=hard -nostartfiles -g -Wall -Wextra"
"Running Make include in ps7_cortexa9_0/libsrc/scuwdt_v2_1/src"
make -C ps7_cortexa9_0/libsrc/scuwdt_v2_1/src -s include  "SHELL=CMD" "COMPILER=arm-none-eabi-gcc" "ARCHIVER=arm-none-eabi-ar" "COMPILER_FLAGS=  -O2 -c" "EXTRA_COMPILER_FLAGS=-mcpu=cortex-a9 -mfpu=vfpv3 -mfloat-abi=hard -nostartfiles -g -Wall -Wextra"
"Running Make include in ps7_cortexa9_0/libsrc/sdps_v3_7/src"
make -C ps7_cortexa9_0/libsrc/sdps_v3_7/src -s include  "SHELL=CMD" "COMPILER=arm-none-eabi-gcc" "ARCHIVER=arm-none-eabi-ar" "COMPILER_FLAGS=  -O2 -c" "EXTRA_COMPILER_FLAGS=-mcpu=cortex-a9 -mfpu=vfpv3 -mfloat-abi=hard -nostartfiles -g -Wall -Wextra"
"Running Make include in ps7_cortexa9_0/libsrc/ttcps_v3_9/src"
make -C ps7_cortexa9_0/libsrc/ttcps_v3_9/src -s include  "SHELL=CMD" "COMPILER=arm-none-eabi-gcc" "ARCHIVER=arm-none-eabi-ar" "COMPILER_FLAGS=  -O2 -c" "EXTRA_COMPILER_FLAGS=-mcpu=cortex-a9 -mfpu=vfpv3 -mfloat-abi=hard -nostartfiles -g -Wall -Wextra"
"Running Make include in ps7_cortexa9_0/libsrc/uartps_v3_7/src"
make -C ps7_cortexa9_0/libsrc/uartps_v3_7/src -s include  "SHELL=CMD" "COMPILER=arm-none-eabi-gcc" "ARCHIVER=arm-none-eabi-ar" "COMPILER_FLAGS=  -O2 -c" "EXTRA_COMPILER_FLAGS=-mcpu=cortex-a9 -mfpu=vfpv3 -mfloat-abi=hard -nostartfiles -g -Wall -Wextra"
"Running Make include in ps7_cortexa9_0/libsrc/usbps_v2_4/src"
make -C ps7_cortexa9_0/libsrc/usbps_v2_4/src -s include  "SHELL=CMD" "COMPILER=arm-none-eabi-gcc" "ARCHIVER=arm-none-eabi-ar" "COMPILER_FLAGS=  -O2 -c" "EXTRA_COMPILER_FLAGS=-mcpu=cortex-a9 -mfpu=vfpv3 -mfloat-abi=hard -nostartfiles -g -Wall -Wextra"
"Running Make include in ps7_cortexa9_0/libsrc/xadcps_v2_3/src"
make -C ps7_cortexa9_0/libsrc/xadcps_v2_3/src -s include  "SHELL=CMD" "COMPILER=arm-none-eabi-gcc" "ARCHIVER=arm-none-eabi-ar" "COMPILER_FLAGS=  -O2 -c" "EXTRA_COMPILER_FLAGS=-mcpu=cortex-a9 -mfpu=vfpv3 -mfloat-abi=hard -nostartfiles -g -Wall -Wextra"
"Running Make libs in ps7_cortexa9_0/libsrc/coresightps_dcc_v1_5/src"
make -C ps7_cortexa9_0/libsrc/coresightps_dcc_v1_5/src -s libs  "SHELL=CMD" "COMPILER=arm-none-eabi-gcc" "ARCHIVER=arm-none-eabi-ar" "COMPILER_FLAGS=  -O2 -c" "EXTRA_COMPILER_FLAGS=-mcpu=cortex-a9 -mfpu=vfpv3 -mfloat-abi=hard -nostartfiles -g -Wall -Wextra"
"Compiling coresightps_dcc"
arm-none-eabi-ar: creating ../../../lib/libxil.a
"Running Make libs in ps7_cortexa9_0/libsrc/cpu_cortexa9_v2_7/src"
make -C ps7_cortexa9_0/libsrc/cpu_cortexa9_v2_7/src -s libs  "SHELL=CMD" "COMPILER=arm-none-eabi-gcc" "ARCHIVER=arm-none-eabi-ar" "COMPILER_FLAGS=  -O2 -c" "EXTRA_COMPILER_FLAGS=-mcpu=cortex-a9 -mfpu=vfpv3 -mfloat-abi=hard -nostartfiles -g -Wall -Wextra"
"Compiling cpu_cortexa9"
"Running Make libs in ps7_cortexa9_0/libsrc/ddrps_v1_0/src"
make -C ps7_cortexa9_0/libsrc/ddrps_v1_0/src -s libs  "SHELL=CMD" "COMPILER=arm-none-eabi-gcc" "ARCHIVER=arm-none-eabi-ar" "COMPILER_FLAGS=  -O2 -c" "EXTRA_COMPILER_FLAGS=-mcpu=cortex-a9 -mfpu=vfpv3 -mfloat-abi=hard -nostartfiles -g -Wall -Wextra"
"Compiling ddrps"
"Running Make libs in ps7_cortexa9_0/libsrc/devcfg_v3_5/src"
make -C ps7_cortexa9_0/libsrc/devcfg_v3_5/src -s libs  "SHELL=CMD" "COMPILER=arm-none-eabi-gcc" "ARCHIVER=arm-none-eabi-ar" "COMPILER_FLAGS=  -O2 -c" "EXTRA_COMPILER_FLAGS=-mcpu=cortex-a9 -mfpu=vfpv3 -mfloat-abi=hard -nostartfiles -g -Wall -Wextra"
"Compiling devcfg"
"Running Make libs in ps7_cortexa9_0/libsrc/dmaps_v2_4/src"
make -C ps7_cortexa9_0/libsrc/dmaps_v2_4/src -s libs  "SHELL=CMD" "COMPILER=arm-none-eabi-gcc" "ARCHIVER=arm-none-eabi-ar" "COMPILER_FLAGS=  -O2 -c" "EXTRA_COMPILER_FLAGS=-mcpu=cortex-a9 -mfpu=vfpv3 -mfloat-abi=hard -nostartfiles -g -Wall -Wextra"
"Compiling dmaps"
"Running Make libs in ps7_cortexa9_0/libsrc/emacps_v3_9/src"
make -C ps7_cortexa9_0/libsrc/emacps_v3_9/src -s libs  "SHELL=CMD" "COMPILER=arm-none-eabi-gcc" "ARCHIVER=arm-none-eabi-ar" "COMPILER_FLAGS=  -O2 -c" "EXTRA_COMPILER_FLAGS=-mcpu=cortex-a9 -mfpu=vfpv3 -mfloat-abi=hard -nostartfiles -g -Wall -Wextra"
"Compiling emacps"
"Running Make libs in ps7_cortexa9_0/libsrc/freertos10_xilinx_v1_3/src"
make -C ps7_cortexa9_0/libsrc/freertos10_xilinx_v1_3/src -s libs  "SHELL=CMD" "COMPILER=arm-none-eabi-gcc" "ARCHIVER=arm-none-eabi-ar" "COMPILER_FLAGS=  -O2 -c" "EXTRA_COMPILER_FLAGS=-mcpu=cortex-a9 -mfpu=vfpv3 -mfloat-abi=hard -nostartfiles -g -Wall -Wextra"
"Compiling standalone"
"Compiling FreeRTOS"
arm-none-eabi-ar: creating ../../../lib/libfreertos.a
"Running Make libs in ps7_cortexa9_0/libsrc/gpiops_v3_5/src"
make -C ps7_cortexa9_0/libsrc/gpiops_v3_5/src -s libs  "SHELL=CMD" "COMPILER=arm-none-eabi-gcc" "ARCHIVER=arm-none-eabi-ar" "COMPILER_FLAGS=  -O2 -c" "EXTRA_COMPILER_FLAGS=-mcpu=cortex-a9 -mfpu=vfpv3 -mfloat-abi=hard -nostartfiles -g -Wall -Wextra"
"Compiling gpiops"
"Running Make libs in ps7_cortexa9_0/libsrc/gpio_v4_4/src"
make -C ps7_cortexa9_0/libsrc/gpio_v4_4/src -s libs  "SHELL=CMD" "COMPILER=arm-none-eabi-gcc" "ARCHIVER=arm-none-eabi-ar" "COMPILER_FLAGS=  -O2 -c" "EXTRA_COMPILER_FLAGS=-mcpu=cortex-a9 -mfpu=vfpv3 -mfloat-abi=hard -nostartfiles -g -Wall -Wextra"
"Compiling gpio"
"Running Make libs in ps7_cortexa9_0/libsrc/qspips_v3_6/src"
make -C ps7_cortexa9_0/libsrc/qspips_v3_6/src -s libs  "SHELL=CMD" "COMPILER=arm-none-eabi-gcc" "ARCHIVER=arm-none-eabi-ar" "COMPILER_FLAGS=  -O2 -c" "EXTRA_COMPILER_FLAGS=-mcpu=cortex-a9 -mfpu=vfpv3 -mfloat-abi=hard -nostartfiles -g -Wall -Wextra"
"Compiling qspips"
"Running Make libs in ps7_cortexa9_0/libsrc/scugic_v4_0/src"
make -C ps7_cortexa9_0/libsrc/scugic_v4_0/src -s libs  "SHELL=CMD" "COMPILER=arm-none-eabi-gcc" "ARCHIVER=arm-none-eabi-ar" "COMPILER_FLAGS=  -O2 -c" "EXTRA_COMPILER_FLAGS=-mcpu=cortex-a9 -mfpu=vfpv3 -mfloat-abi=hard -nostartfiles -g -Wall -Wextra"
"Compiling scugic"
"Running Make libs in ps7_cortexa9_0/libsrc/scutimer_v2_1/src"
make -C ps7_cortexa9_0/libsrc/scutimer_v2_1/src -s libs  "SHELL=CMD" "COMPILER=arm-none-eabi-gcc" "ARCHIVER=arm-none-eabi-ar" "COMPILER_FLAGS=  -O2 -c" "EXTRA_COMPILER_FLAGS=-mcpu=cortex-a9 -mfpu=vfpv3 -mfloat-abi=hard -nostartfiles -g -Wall -Wextra"
"Compiling scutimer"
"Running Make libs in ps7_cortexa9_0/libsrc/scuwdt_v2_1/src"
make -C ps7_cortexa9_0/libsrc/scuwdt_v2_1/src -s libs  "SHELL=CMD" "COMPILER=arm-none-eabi-gcc" "ARCHIVER=arm-none-eabi-ar" "COMPILER_FLAGS=  -O2 -c" "EXTRA_COMPILER_FLAGS=-mcpu=cortex-a9 -mfpu=vfpv3 -mfloat-abi=hard -nostartfiles -g -Wall -Wextra"
"Compiling scuwdt"
"Running Make libs in ps7_cortexa9_0/libsrc/sdps_v3_7/src"
make -C ps7_cortexa9_0/libsrc/sdps_v3_7/src -s libs  "SHELL=CMD" "COMPILER=arm-none-eabi-gcc" "ARCHIVER=arm-none-eabi-ar" "COMPILER_FLAGS=  -O2 -c" "EXTRA_COMPILER_FLAGS=-mcpu=cortex-a9 -mfpu=vfpv3 -mfloat-abi=hard -nostartfiles -g -Wall -Wextra"
"Compiling sdps"
"Running Make libs in ps7_cortexa9_0/libsrc/ttcps_v3_9/src"
make -C ps7_cortexa9_0/libsrc/ttcps_v3_9/src -s libs  "SHELL=CMD" "COMPILER=arm-none-eabi-gcc" "ARCHIVER=arm-none-eabi-ar" "COMPILER_FLAGS=  -O2 -c" "EXTRA_COMPILER_FLAGS=-mcpu=cortex-a9 -mfpu=vfpv3 -mfloat-abi=hard -nostartfiles -g -Wall -Wextra"
"Compiling ttcps"
"Running Make libs in ps7_cortexa9_0/libsrc/uartps_v3_7/src"
make -C ps7_cortexa9_0/libsrc/uartps_v3_7/src -s libs  "SHELL=CMD" "COMPILER=arm-none-eabi-gcc" "ARCHIVER=arm-none-eabi-ar" "COMPILER_FLAGS=  -O2 -c" "EXTRA_COMPILER_FLAGS=-mcpu=cortex-a9 -mfpu=vfpv3 -mfloat-abi=hard -nostartfiles -g -Wall -Wextra"
"Compiling uartps"
"Running Make libs in ps7_cortexa9_0/libsrc/usbps_v2_4/src"
make -C ps7_cortexa9_0/libsrc/usbps_v2_4/src -s libs  "SHELL=CMD" "COMPILER=arm-none-eabi-gcc" "ARCHIVER=arm-none-eabi-ar" "COMPILER_FLAGS=  -O2 -c" "EXTRA_COMPILER_FLAGS=-mcpu=cortex-a9 -mfpu=vfpv3 -mfloat-abi=hard -nostartfiles -g -Wall -Wextra"
"Compiling usbps"
"Running Make libs in ps7_cortexa9_0/libsrc/xadcps_v2_3/src"
make -C ps7_cortexa9_0/libsrc/xadcps_v2_3/src -s libs  "SHELL=CMD" "COMPILER=arm-none-eabi-gcc" "ARCHIVER=arm-none-eabi-ar" "COMPILER_FLAGS=  -O2 -c" "EXTRA_COMPILER_FLAGS=-mcpu=cortex-a9 -mfpu=vfpv3 -mfloat-abi=hard -nostartfiles -g -Wall -Wextra"
"Compiling xadcps"
'Finished building libraries'
10:47:06 **** Build of configuration Debug for project rtos_software_timer ****
make pre-build main-build 
a9-linaro-pre-build-step
' '
'Building file: ../src/freertos_hello_world.c'
'Invoking: ARM v7 gcc compiler'
arm-none-eabi-gcc -Wall -O0 -g3 -c -fmessage-length=0 -MT"src/freertos_hello_world.o" -mcpu=cortex-a9 -mfpu=vfpv3 -mfloat-abi=hard -I../../rtos_software_timer_bsp/ps7_cortexa9_0/include -MMD -MP -MF"src/freertos_hello_world.d" -MT"src/freertos_hello_world.o" -o "src/freertos_hello_world.o" "../src/freertos_hello_world.c"
'Finished building: ../src/freertos_hello_world.c'
' '
'Building target: rtos_software_timer.elf'
'Invoking: ARM v7 gcc linker'
arm-none-eabi-gcc -mcpu=cortex-a9 -mfpu=vfpv3 -mfloat-abi=hard -Wl,-build-id=none -specs=Xilinx.spec -Wl,-T -Wl,../src/lscript.ld -L../../rtos_software_timer_bsp/ps7_cortexa9_0/lib -o "rtos_software_timer.elf"  ./src/freertos_hello_world.o   -Wl,--start-group,-lxil,-lfreertos,-lgcc,-lc,--end-group
'Finished building target: rtos_software_timer.elf'
' '
'Invoking: ARM v7 Print Size'
arm-none-eabi-size rtos_software_timer.elf  |tee "rtos_software_timer.elf.size"
   text	   data	    bss	    dec	    hex	filename
  79452	   3400	  89456	 172308	  2a114	rtos_software_timer.elf
'Finished building: rtos_software_timer.elf.size'
' '
10:47:28 **** Clean-only build of configuration Debug for project rtos_software_timer ****
make clean 
rm -rf  ./src/freertos_hello_world.o  ./src/freertos_hello_world.d  rtos_software_timer.elf.size  rtos_software_timer.elf
' '
10:47:29 **** Auto Build of configuration Debug for project rtos_software_timer ****
make pre-build main-build 
a9-linaro-pre-build-step
' '
'Building file: ../src/rtos_software_timer.c'
'Invoking: ARM v7 gcc compiler'
arm-none-eabi-gcc -Wall -O0 -g3 -c -fmessage-length=0 -MT"src/rtos_software_timer.o" -mcpu=cortex-a9 -mfpu=vfpv3 -mfloat-abi=hard -I../../rtos_software_timer_bsp/ps7_cortexa9_0/include -MMD -MP -MF"src/rtos_software_timer.d" -MT"src/rtos_software_timer.o" -o "src/rtos_software_timer.o" "../src/rtos_software_timer.c"
'Finished building: ../src/rtos_software_timer.c'
' '
'Building target: rtos_software_timer.elf'
'Invoking: ARM v7 gcc linker'
arm-none-eabi-gcc -mcpu=cortex-a9 -mfpu=vfpv3 -mfloat-abi=hard -Wl,-build-id=none -specs=Xilinx.spec -Wl,-T -Wl,../src/lscript.ld -L../../rtos_software_timer_bsp/ps7_cortexa9_0/lib -o "rtos_software_timer.elf"  ./src/rtos_software_timer.o   -Wl,--start-group,-lxil,-lfreertos,-lgcc,-lc,--end-group
'Finished building target: rtos_software_timer.elf'
' '
'Invoking: ARM v7 Print Size'
arm-none-eabi-size rtos_software_timer.elf  |tee "rtos_software_timer.elf.size"
   text	   data	    bss	    dec	    hex	filename
  79452	   3400	  89456	 172308	  2a114	rtos_software_timer.elf
'Finished building: rtos_software_timer.elf.size'
' '
10:47:50 **** Auto Build of configuration Debug for project rtos_software_timer ****
make pre-build main-build 
a9-linaro-pre-build-step
' '
'Building file: ../src/rtos_software_timer.c'
'Invoking: ARM v7 gcc compiler'
arm-none-eabi-gcc -Wall -O0 -g3 -c -fmessage-length=0 -MT"src/rtos_software_timer.o" -mcpu=cortex-a9 -mfpu=vfpv3 -mfloat-abi=hard -I../../rtos_software_timer_bsp/ps7_cortexa9_0/include -MMD -MP -MF"src/rtos_software_timer.d" -MT"src/rtos_software_timer.o" -o "src/rtos_software_timer.o" "../src/rtos_software_timer.c"
'Finished building: ../src/rtos_software_timer.c'
' '
'Building target: rtos_software_timer.elf'
'Invoking: ARM v7 gcc linker'
arm-none-eabi-gcc -mcpu=cortex-a9 -mfpu=vfpv3 -mfloat-abi=hard -Wl,-build-id=none -specs=Xilinx.spec -Wl,-T -Wl,../src/lscript.ld -L../../rtos_software_timer_bsp/ps7_cortexa9_0/lib -o "rtos_software_timer.elf"  ./src/rtos_software_timer.o   -Wl,--start-group,-lxil,-lfreertos,-lgcc,-lc,--end-group
'Finished building target: rtos_software_timer.elf'
' '
'Invoking: ARM v7 Print Size'
arm-none-eabi-size rtos_software_timer.elf  |tee "rtos_software_timer.elf.size"
   text	   data	    bss	    dec	    hex	filename
  79452	   3400	  89456	 172308	  2a114	rtos_software_timer.elf
'Finished building: rtos_software_timer.elf.size'
' '
10:48:40 **** Auto Build of configuration Debug for project rtos_software_timer ****
make pre-build main-build 
a9-linaro-pre-build-step
' '
'Building file: ../src/rtos_software_timer.c'
'Invoking: ARM v7 gcc compiler'
arm-none-eabi-gcc -Wall -O0 -g3 -c -fmessage-length=0 -MT"src/rtos_software_timer.o" -mcpu=cortex-a9 -mfpu=vfpv3 -mfloat-abi=hard -I../../rtos_software_timer_bsp/ps7_cortexa9_0/include -MMD -MP -MF"src/rtos_software_timer.d" -MT"src/rtos_software_timer.o" -o "src/rtos_software_timer.o" "../src/rtos_software_timer.c"
'Finished building: ../src/rtos_software_timer.c'
' '
'Building target: rtos_software_timer.elf'
'Invoking: ARM v7 gcc linker'
arm-none-eabi-gcc -mcpu=cortex-a9 -mfpu=vfpv3 -mfloat-abi=hard -Wl,-build-id=none -specs=Xilinx.spec -Wl,-T -Wl,../src/lscript.ld -L../../rtos_software_timer_bsp/ps7_cortexa9_0/lib -o "rtos_software_timer.elf"  ./src/rtos_software_timer.o   -Wl,--start-group,-lxil,-lfreertos,-lgcc,-lc,--end-group
'Finished building target: rtos_software_timer.elf'
' '
'Invoking: ARM v7 Print Size'
arm-none-eabi-size rtos_software_timer.elf  |tee "rtos_software_timer.elf.size"
   text	   data	    bss	    dec	    hex	filename
  79452	   3400	  89456	 172308	  2a114	rtos_software_timer.elf
'Finished building: rtos_software_timer.elf.size'
' '
10:48:53 **** Auto Build of configuration Debug for project rtos_software_timer ****
make pre-build main-build 
a9-linaro-pre-build-step
' '
'Building file: ../src/rtos_software_timer.c'
'Invoking: ARM v7 gcc compiler'
arm-none-eabi-gcc -Wall -O0 -g3 -c -fmessage-length=0 -MT"src/rtos_software_timer.o" -mcpu=cortex-a9 -mfpu=vfpv3 -mfloat-abi=hard -I../../rtos_software_timer_bsp/ps7_cortexa9_0/include -MMD -MP -MF"src/rtos_software_timer.d" -MT"src/rtos_software_timer.o" -o "src/rtos_software_timer.o" "../src/rtos_software_timer.c"
'Finished building: ../src/rtos_software_timer.c'
' '
'Building target: rtos_software_timer.elf'
'Invoking: ARM v7 gcc linker'
arm-none-eabi-gcc -mcpu=cortex-a9 -mfpu=vfpv3 -mfloat-abi=hard -Wl,-build-id=none -specs=Xilinx.spec -Wl,-T -Wl,../src/lscript.ld -L../../rtos_software_timer_bsp/ps7_cortexa9_0/lib -o "rtos_software_timer.elf"  ./src/rtos_software_timer.o   -Wl,--start-group,-lxil,-lfreertos,-lgcc,-lc,--end-group
'Finished building target: rtos_software_timer.elf'
' '
'Invoking: ARM v7 Print Size'
arm-none-eabi-size rtos_software_timer.elf  |tee "rtos_software_timer.elf.size"
   text	   data	    bss	    dec	    hex	filename
  79452	   3400	  89456	 172308	  2a114	rtos_software_timer.elf
'Finished building: rtos_software_timer.elf.size'
' '
10:50:02 **** Auto Build of configuration Debug for project rtos_software_timer ****
make pre-build main-build 
a9-linaro-pre-build-step
' '
'Building file: ../src/rtos_software_timer.c'
'Invoking: ARM v7 gcc compiler'
arm-none-eabi-gcc -Wall -O0 -g3 -c -fmessage-length=0 -MT"src/rtos_software_timer.o" -mcpu=cortex-a9 -mfpu=vfpv3 -mfloat-abi=hard -I../../rtos_software_timer_bsp/ps7_cortexa9_0/include -MMD -MP -MF"src/rtos_software_timer.d" -MT"src/rtos_software_timer.o" -o "src/rtos_software_timer.o" "../src/rtos_software_timer.c"
'Finished building: ../src/rtos_software_timer.c'
' '
'Building target: rtos_software_timer.elf'
'Invoking: ARM v7 gcc linker'
arm-none-eabi-gcc -mcpu=cortex-a9 -mfpu=vfpv3 -mfloat-abi=hard -Wl,-build-id=none -specs=Xilinx.spec -Wl,-T -Wl,../src/lscript.ld -L../../rtos_software_timer_bsp/ps7_cortexa9_0/lib -o "rtos_software_timer.elf"  ./src/rtos_software_timer.o   -Wl,--start-group,-lxil,-lfreertos,-lgcc,-lc,--end-group
'Finished building target: rtos_software_timer.elf'
' '
'Invoking: ARM v7 Print Size'
arm-none-eabi-size rtos_software_timer.elf  |tee "rtos_software_timer.elf.size"
   text	   data	    bss	    dec	    hex	filename
  79452	   3400	  89456	 172308	  2a114	rtos_software_timer.elf
'Finished building: rtos_software_timer.elf.size'
' '
10:50:25 **** Auto Build of configuration Debug for project rtos_software_timer ****
make pre-build main-build 
a9-linaro-pre-build-step
' '
'Building file: ../src/rtos_software_timer.c'
'Invoking: ARM v7 gcc compiler'
arm-none-eabi-gcc -Wall -O0 -g3 -c -fmessage-length=0 -MT"src/rtos_software_timer.o" -mcpu=cortex-a9 -mfpu=vfpv3 -mfloat-abi=hard -I../../rtos_software_timer_bsp/ps7_cortexa9_0/include -MMD -MP -MF"src/rtos_software_timer.d" -MT"src/rtos_software_timer.o" -o "src/rtos_software_timer.o" "../src/rtos_software_timer.c"
../src/rtos_software_timer.c: In function 'main':
../src/rtos_software_timer.c:190:45: error: 'LED_INIT' undeclared (first use in this function)
  XGpio_DiscreteWrite(&OutInst, LED_CHANNEL, LED_INIT);
                                             ^~~~~~~~
../src/rtos_software_timer.c:190:45: note: each undeclared identifier is reported only once for each function it appears in
make: *** [src/subdir.mk:23: src/rtos_software_timer.o] Error 1
10:51:04 **** Auto Build of configuration Debug for project rtos_software_timer ****
make pre-build main-build 
a9-linaro-pre-build-step
' '
'Building file: ../src/rtos_software_timer.c'
'Invoking: ARM v7 gcc compiler'
arm-none-eabi-gcc -Wall -O0 -g3 -c -fmessage-length=0 -MT"src/rtos_software_timer.o" -mcpu=cortex-a9 -mfpu=vfpv3 -mfloat-abi=hard -I../../rtos_software_timer_bsp/ps7_cortexa9_0/include -MMD -MP -MF"src/rtos_software_timer.d" -MT"src/rtos_software_timer.o" -o "src/rtos_software_timer.o" "../src/rtos_software_timer.c"
'Finished building: ../src/rtos_software_timer.c'
' '
'Building target: rtos_software_timer.elf'
'Invoking: ARM v7 gcc linker'
arm-none-eabi-gcc -mcpu=cortex-a9 -mfpu=vfpv3 -mfloat-abi=hard -Wl,-build-id=none -specs=Xilinx.spec -Wl,-T -Wl,../src/lscript.ld -L../../rtos_software_timer_bsp/ps7_cortexa9_0/lib -o "rtos_software_timer.elf"  ./src/rtos_software_timer.o   -Wl,--start-group,-lxil,-lfreertos,-lgcc,-lc,--end-group
'Finished building target: rtos_software_timer.elf'
' '
'Invoking: ARM v7 Print Size'
arm-none-eabi-size rtos_software_timer.elf  |tee "rtos_software_timer.elf.size"
   text	   data	    bss	    dec	    hex	filename
  79452	   3400	  89456	 172308	  2a114	rtos_software_timer.elf
'Finished building: rtos_software_timer.elf.size'
' '
10:52:10 **** Auto Build of configuration Debug for project rtos_software_timer ****
make pre-build main-build 
a9-linaro-pre-build-step
' '
'Building file: ../src/rtos_software_timer.c'
'Invoking: ARM v7 gcc compiler'
arm-none-eabi-gcc -Wall -O0 -g3 -c -fmessage-length=0 -MT"src/rtos_software_timer.o" -mcpu=cortex-a9 -mfpu=vfpv3 -mfloat-abi=hard -I../../rtos_software_timer_bsp/ps7_cortexa9_0/include -MMD -MP -MF"src/rtos_software_timer.d" -MT"src/rtos_software_timer.o" -o "src/rtos_software_timer.o" "../src/rtos_software_timer.c"
../src/rtos_software_timer.c: In function 'main':
../src/rtos_software_timer.c:185:29: error: 'OutInst' undeclared (first use in this function); did you mean 'SwInst'?
  Status = XGpio_Initialize(&OutInst, OUT_DEVICE_ID);
                             ^~~~~~~
                             SwInst
../src/rtos_software_timer.c:185:29: note: each undeclared identifier is reported only once for each function it appears in
../src/rtos_software_timer.c:196:30: error: 'InInst' undeclared (first use in this function); did you mean 'SwInst'?
  Status = XGpio_Initialize( &InInst,  IN_DEVICE_ID);
                              ^~~~~~
                              SwInst
../src/rtos_software_timer.c: In function 'prvTaskLED':
../src/rtos_software_timer.c:226:24: error: 'OutInst' undeclared (first use in this function); did you mean 'SwInst'?
   XGpio_DiscreteWrite(&OutInst, LED_CHANNEL, ledCntr);
                        ^~~~~~~
                        SwInst
../src/rtos_software_timer.c: In function 'prvTaskBTN':
../src/rtos_software_timer.c:246:33: error: 'InInst' undeclared (first use in this function); did you mean 'SwInst'?
   nextBtn = XGpio_DiscreteRead(&InInst, BTN_CHANNEL);
                                 ^~~~~~
                                 SwInst
../src/rtos_software_timer.c: In function 'prvTaskSW':
../src/rtos_software_timer.c:300:28: error: 'InInst' undeclared (first use in this function); did you mean 'SwInst'?
   sw = XGpio_DiscreteRead(&InInst,  SW_CHANNEL);
                            ^~~~~~
                            SwInst
make: *** [src/subdir.mk:23: src/rtos_software_timer.o] Error 1
10:52:46 **** Auto Build of configuration Debug for project rtos_software_timer ****
make pre-build main-build 
a9-linaro-pre-build-step
' '
'Building file: ../src/rtos_software_timer.c'
'Invoking: ARM v7 gcc compiler'
arm-none-eabi-gcc -Wall -O0 -g3 -c -fmessage-length=0 -MT"src/rtos_software_timer.o" -mcpu=cortex-a9 -mfpu=vfpv3 -mfloat-abi=hard -I../../rtos_software_timer_bsp/ps7_cortexa9_0/include -MMD -MP -MF"src/rtos_software_timer.d" -MT"src/rtos_software_timer.o" -o "src/rtos_software_timer.o" "../src/rtos_software_timer.c"
../src/rtos_software_timer.c: In function 'main':
../src/rtos_software_timer.c:185:29: error: 'OutInst' undeclared (first use in this function); did you mean 'SwInst'?
  Status = XGpio_Initialize(&OutInst, OUT_DEVICE_ID);
                             ^~~~~~~
                             SwInst
../src/rtos_software_timer.c:185:29: note: each undeclared identifier is reported only once for each function it appears in
../src/rtos_software_timer.c: In function 'prvTaskLED':
../src/rtos_software_timer.c:226:24: error: 'OutInst' undeclared (first use in this function); did you mean 'SwInst'?
   XGpio_DiscreteWrite(&OutInst, LED_CHANNEL, ledCntr);
                        ^~~~~~~
                        SwInst
../src/rtos_software_timer.c: In function 'prvTaskBTN':
../src/rtos_software_timer.c:246:33: error: 'InInst' undeclared (first use in this function); did you mean 'SwInst'?
   nextBtn = XGpio_DiscreteRead(&InInst, BTN_CHANNEL);
                                 ^~~~~~
                                 SwInst
../src/rtos_software_timer.c: In function 'prvTaskSW':
../src/rtos_software_timer.c:300:28: error: 'InInst' undeclared (first use in this function); did you mean 'SwInst'?
   sw = XGpio_DiscreteRead(&InInst,  SW_CHANNEL);
                            ^~~~~~
                            SwInst
make: *** [src/subdir.mk:23: src/rtos_software_timer.o] Error 1
10:53:03 **** Auto Build of configuration Debug for project rtos_software_timer ****
make pre-build main-build 
a9-linaro-pre-build-step
' '
'Building file: ../src/rtos_software_timer.c'
'Invoking: ARM v7 gcc compiler'
arm-none-eabi-gcc -Wall -O0 -g3 -c -fmessage-length=0 -MT"src/rtos_software_timer.o" -mcpu=cortex-a9 -mfpu=vfpv3 -mfloat-abi=hard -I../../rtos_software_timer_bsp/ps7_cortexa9_0/include -MMD -MP -MF"src/rtos_software_timer.d" -MT"src/rtos_software_timer.o" -o "src/rtos_software_timer.o" "../src/rtos_software_timer.c"
../src/rtos_software_timer.c: In function 'main':
../src/rtos_software_timer.c:185:29: error: 'OutInst' undeclared (first use in this function); did you mean 'SwInst'?
  Status = XGpio_Initialize(&OutInst, OUT_DEVICE_ID);
                             ^~~~~~~
                             SwInst
../src/rtos_software_timer.c:185:29: note: each undeclared identifier is reported only once for each function it appears in
../src/rtos_software_timer.c: In function 'prvTaskLED':
../src/rtos_software_timer.c:226:24: error: 'OutInst' undeclared (first use in this function); did you mean 'SwInst'?
   XGpio_DiscreteWrite(&OutInst, LED_CHANNEL, ledCntr);
                        ^~~~~~~
                        SwInst
make: *** [src/subdir.mk:23: src/rtos_software_timer.o] Error 1
10:53:31 **** Auto Build of configuration Debug for project rtos_software_timer ****
make pre-build main-build 
a9-linaro-pre-build-step
' '
'Building file: ../src/rtos_software_timer.c'
'Invoking: ARM v7 gcc compiler'
arm-none-eabi-gcc -Wall -O0 -g3 -c -fmessage-length=0 -MT"src/rtos_software_timer.o" -mcpu=cortex-a9 -mfpu=vfpv3 -mfloat-abi=hard -I../../rtos_software_timer_bsp/ps7_cortexa9_0/include -MMD -MP -MF"src/rtos_software_timer.d" -MT"src/rtos_software_timer.o" -o "src/rtos_software_timer.o" "../src/rtos_software_timer.c"
'Finished building: ../src/rtos_software_timer.c'
' '
'Building target: rtos_software_timer.elf'
'Invoking: ARM v7 gcc linker'
arm-none-eabi-gcc -mcpu=cortex-a9 -mfpu=vfpv3 -mfloat-abi=hard -Wl,-build-id=none -specs=Xilinx.spec -Wl,-T -Wl,../src/lscript.ld -L../../rtos_software_timer_bsp/ps7_cortexa9_0/lib -o "rtos_software_timer.elf"  ./src/rtos_software_timer.o   -Wl,--start-group,-lxil,-lfreertos,-lgcc,-lc,--end-group
'Finished building target: rtos_software_timer.elf'
' '
'Invoking: ARM v7 Print Size'
arm-none-eabi-size rtos_software_timer.elf  |tee "rtos_software_timer.elf.size"
   text	   data	    bss	    dec	    hex	filename
  79452	   3400	  89456	 172308	  2a114	rtos_software_timer.elf
'Finished building: rtos_software_timer.elf.size'
' '
10:54:36 **** Auto Build of configuration Debug for project rtos_software_timer ****
make pre-build main-build 
a9-linaro-pre-build-step
' '
'Building file: ../src/rtos_software_timer.c'
'Invoking: ARM v7 gcc compiler'
arm-none-eabi-gcc -Wall -O0 -g3 -c -fmessage-length=0 -MT"src/rtos_software_timer.o" -mcpu=cortex-a9 -mfpu=vfpv3 -mfloat-abi=hard -I../../rtos_software_timer_bsp/ps7_cortexa9_0/include -MMD -MP -MF"src/rtos_software_timer.d" -MT"src/rtos_software_timer.o" -o "src/rtos_software_timer.o" "../src/rtos_software_timer.c"
../src/rtos_software_timer.c:137:15: error: 'LED' undeclared here (not in a function)
 int ledCntr = LED;
               ^~~
../src/rtos_software_timer.c: In function 'main':
../src/rtos_software_timer.c:184:37: error: 'OUT_DEVICE_ID' undeclared (first use in this function); did you mean 'SW_DEVICE_ID'?
  Status = XGpio_Initialize(&SwInst, OUT_DEVICE_ID);
                                     ^~~~~~~~~~~~~
                                     SW_DEVICE_ID
../src/rtos_software_timer.c:184:37: note: each undeclared identifier is reported only once for each function it appears in
../src/rtos_software_timer.c:195:41: error: 'IN_DEVICE_ID' undeclared (first use in this function); did you mean 'SW_DEVICE_ID'?
  Status = XGpio_Initialize(&LdBtnInst,  IN_DEVICE_ID);
                                         ^~~~~~~~~~~~
                                         SW_DEVICE_ID
make: *** [src/subdir.mk:23: src/rtos_software_timer.o] Error 1
10:55:40 **** Auto Build of configuration Debug for project rtos_software_timer ****
make pre-build main-build 
a9-linaro-pre-build-step
' '
'Building file: ../src/rtos_software_timer.c'
'Invoking: ARM v7 gcc compiler'
arm-none-eabi-gcc -Wall -O0 -g3 -c -fmessage-length=0 -MT"src/rtos_software_timer.o" -mcpu=cortex-a9 -mfpu=vfpv3 -mfloat-abi=hard -I../../rtos_software_timer_bsp/ps7_cortexa9_0/include -MMD -MP -MF"src/rtos_software_timer.d" -MT"src/rtos_software_timer.o" -o "src/rtos_software_timer.o" "../src/rtos_software_timer.c"
../src/rtos_software_timer.c: In function 'main':
../src/rtos_software_timer.c:184:37: error: 'OUT_DEVICE_ID' undeclared (first use in this function); did you mean 'SW_DEVICE_ID'?
  Status = XGpio_Initialize(&SwInst, OUT_DEVICE_ID);
                                     ^~~~~~~~~~~~~
                                     SW_DEVICE_ID
../src/rtos_software_timer.c:184:37: note: each undeclared identifier is reported only once for each function it appears in
../src/rtos_software_timer.c:195:41: error: 'IN_DEVICE_ID' undeclared (first use in this function); did you mean 'SW_DEVICE_ID'?
  Status = XGpio_Initialize(&LdBtnInst,  IN_DEVICE_ID);
                                         ^~~~~~~~~~~~
                                         SW_DEVICE_ID
make: *** [src/subdir.mk:23: src/rtos_software_timer.o] Error 1
10:55:53 **** Auto Build of configuration Debug for project rtos_software_timer ****
make pre-build main-build 
a9-linaro-pre-build-step
' '
'Building file: ../src/rtos_software_timer.c'
'Invoking: ARM v7 gcc compiler'
arm-none-eabi-gcc -Wall -O0 -g3 -c -fmessage-length=0 -MT"src/rtos_software_timer.o" -mcpu=cortex-a9 -mfpu=vfpv3 -mfloat-abi=hard -I../../rtos_software_timer_bsp/ps7_cortexa9_0/include -MMD -MP -MF"src/rtos_software_timer.d" -MT"src/rtos_software_timer.o" -o "src/rtos_software_timer.o" "../src/rtos_software_timer.c"
../src/rtos_software_timer.c: In function 'main':
../src/rtos_software_timer.c:195:41: error: 'IN_DEVICE_ID' undeclared (first use in this function); did you mean 'SW_DEVICE_ID'?
  Status = XGpio_Initialize(&LdBtnInst,  IN_DEVICE_ID);
                                         ^~~~~~~~~~~~
                                         SW_DEVICE_ID
../src/rtos_software_timer.c:195:41: note: each undeclared identifier is reported only once for each function it appears in
make: *** [src/subdir.mk:23: src/rtos_software_timer.o] Error 1
10:56:12 **** Auto Build of configuration Debug for project rtos_software_timer ****
make pre-build main-build 
a9-linaro-pre-build-step
' '
'Building file: ../src/rtos_software_timer.c'
'Invoking: ARM v7 gcc compiler'
arm-none-eabi-gcc -Wall -O0 -g3 -c -fmessage-length=0 -MT"src/rtos_software_timer.o" -mcpu=cortex-a9 -mfpu=vfpv3 -mfloat-abi=hard -I../../rtos_software_timer_bsp/ps7_cortexa9_0/include -MMD -MP -MF"src/rtos_software_timer.d" -MT"src/rtos_software_timer.o" -o "src/rtos_software_timer.o" "../src/rtos_software_timer.c"
../src/rtos_software_timer.c: In function 'main':
../src/rtos_software_timer.c:195:41: error: 'IN_DEVICE_ID' undeclared (first use in this function); did you mean 'SW_DEVICE_ID'?
  Status = XGpio_Initialize(&LdBtnInst,  IN_DEVICE_ID);
                                         ^~~~~~~~~~~~
                                         SW_DEVICE_ID
../src/rtos_software_timer.c:195:41: note: each undeclared identifier is reported only once for each function it appears in
make: *** [src/subdir.mk:23: src/rtos_software_timer.o] Error 1
10:56:24 **** Auto Build of configuration Debug for project rtos_software_timer ****
make pre-build main-build 
a9-linaro-pre-build-step
' '
'Building file: ../src/rtos_software_timer.c'
'Invoking: ARM v7 gcc compiler'
arm-none-eabi-gcc -Wall -O0 -g3 -c -fmessage-length=0 -MT"src/rtos_software_timer.o" -mcpu=cortex-a9 -mfpu=vfpv3 -mfloat-abi=hard -I../../rtos_software_timer_bsp/ps7_cortexa9_0/include -MMD -MP -MF"src/rtos_software_timer.d" -MT"src/rtos_software_timer.o" -o "src/rtos_software_timer.o" "../src/rtos_software_timer.c"
'Finished building: ../src/rtos_software_timer.c'
' '
'Building target: rtos_software_timer.elf'
'Invoking: ARM v7 gcc linker'
arm-none-eabi-gcc -mcpu=cortex-a9 -mfpu=vfpv3 -mfloat-abi=hard -Wl,-build-id=none -specs=Xilinx.spec -Wl,-T -Wl,../src/lscript.ld -L../../rtos_software_timer_bsp/ps7_cortexa9_0/lib -o "rtos_software_timer.elf"  ./src/rtos_software_timer.o   -Wl,--start-group,-lxil,-lfreertos,-lgcc,-lc,--end-group
'Finished building target: rtos_software_timer.elf'
' '
'Invoking: ARM v7 Print Size'
arm-none-eabi-size rtos_software_timer.elf  |tee "rtos_software_timer.elf.size"
   text	   data	    bss	    dec	    hex	filename
  79516	   3408	  89440	 172364	  2a14c	rtos_software_timer.elf
'Finished building: rtos_software_timer.elf.size'
' '
10:57:37 **** Auto Build of configuration Debug for project rtos_software_timer ****
make pre-build main-build 
a9-linaro-pre-build-step
' '
'Building file: ../src/rtos_software_timer.c'
'Invoking: ARM v7 gcc compiler'
arm-none-eabi-gcc -Wall -O0 -g3 -c -fmessage-length=0 -MT"src/rtos_software_timer.o" -mcpu=cortex-a9 -mfpu=vfpv3 -mfloat-abi=hard -I../../rtos_software_timer_bsp/ps7_cortexa9_0/include -MMD -MP -MF"src/rtos_software_timer.d" -MT"src/rtos_software_timer.o" -o "src/rtos_software_timer.o" "../src/rtos_software_timer.c"
'Finished building: ../src/rtos_software_timer.c'
' '
'Building target: rtos_software_timer.elf'
'Invoking: ARM v7 gcc linker'
arm-none-eabi-gcc -mcpu=cortex-a9 -mfpu=vfpv3 -mfloat-abi=hard -Wl,-build-id=none -specs=Xilinx.spec -Wl,-T -Wl,../src/lscript.ld -L../../rtos_software_timer_bsp/ps7_cortexa9_0/lib -o "rtos_software_timer.elf"  ./src/rtos_software_timer.o   -Wl,--start-group,-lxil,-lfreertos,-lgcc,-lc,--end-group
'Finished building target: rtos_software_timer.elf'
' '
'Invoking: ARM v7 Print Size'
arm-none-eabi-size rtos_software_timer.elf  |tee "rtos_software_timer.elf.size"
   text	   data	    bss	    dec	    hex	filename
  79516	   3408	  89440	 172364	  2a14c	rtos_software_timer.elf
'Finished building: rtos_software_timer.elf.size'
' '
10:57:51 **** Auto Build of configuration Debug for project rtos_software_timer ****
make pre-build main-build 
a9-linaro-pre-build-step
' '
'Building file: ../src/rtos_software_timer.c'
'Invoking: ARM v7 gcc compiler'
arm-none-eabi-gcc -Wall -O0 -g3 -c -fmessage-length=0 -MT"src/rtos_software_timer.o" -mcpu=cortex-a9 -mfpu=vfpv3 -mfloat-abi=hard -I../../rtos_software_timer_bsp/ps7_cortexa9_0/include -MMD -MP -MF"src/rtos_software_timer.d" -MT"src/rtos_software_timer.o" -o "src/rtos_software_timer.o" "../src/rtos_software_timer.c"
'Finished building: ../src/rtos_software_timer.c'
' '
'Building target: rtos_software_timer.elf'
'Invoking: ARM v7 gcc linker'
arm-none-eabi-gcc -mcpu=cortex-a9 -mfpu=vfpv3 -mfloat-abi=hard -Wl,-build-id=none -specs=Xilinx.spec -Wl,-T -Wl,../src/lscript.ld -L../../rtos_software_timer_bsp/ps7_cortexa9_0/lib -o "rtos_software_timer.elf"  ./src/rtos_software_timer.o   -Wl,--start-group,-lxil,-lfreertos,-lgcc,-lc,--end-group
'Finished building target: rtos_software_timer.elf'
' '
'Invoking: ARM v7 Print Size'
arm-none-eabi-size rtos_software_timer.elf  |tee "rtos_software_timer.elf.size"
   text	   data	    bss	    dec	    hex	filename
  79516	   3408	  89440	 172364	  2a14c	rtos_software_timer.elf
'Finished building: rtos_software_timer.elf.size'
' '
10:58:12 **** Auto Build of configuration Debug for project rtos_software_timer ****
make pre-build main-build 
a9-linaro-pre-build-step
' '
'Building file: ../src/rtos_software_timer.c'
'Invoking: ARM v7 gcc compiler'
arm-none-eabi-gcc -Wall -O0 -g3 -c -fmessage-length=0 -MT"src/rtos_software_timer.o" -mcpu=cortex-a9 -mfpu=vfpv3 -mfloat-abi=hard -I../../rtos_software_timer_bsp/ps7_cortexa9_0/include -MMD -MP -MF"src/rtos_software_timer.d" -MT"src/rtos_software_timer.o" -o "src/rtos_software_timer.o" "../src/rtos_software_timer.c"
'Finished building: ../src/rtos_software_timer.c'
' '
'Building target: rtos_software_timer.elf'
'Invoking: ARM v7 gcc linker'
arm-none-eabi-gcc -mcpu=cortex-a9 -mfpu=vfpv3 -mfloat-abi=hard -Wl,-build-id=none -specs=Xilinx.spec -Wl,-T -Wl,../src/lscript.ld -L../../rtos_software_timer_bsp/ps7_cortexa9_0/lib -o "rtos_software_timer.elf"  ./src/rtos_software_timer.o   -Wl,--start-group,-lxil,-lfreertos,-lgcc,-lc,--end-group
'Finished building target: rtos_software_timer.elf'
' '
'Invoking: ARM v7 Print Size'
arm-none-eabi-size rtos_software_timer.elf  |tee "rtos_software_timer.elf.size"
   text	   data	    bss	    dec	    hex	filename
  79396	   3408	  89440	 172244	  2a0d4	rtos_software_timer.elf
'Finished building: rtos_software_timer.elf.size'
' '
10:58:17 **** Auto Build of configuration Debug for project rtos_software_timer ****
make pre-build main-build 
a9-linaro-pre-build-step
' '
'Building file: ../src/rtos_software_timer.c'
'Invoking: ARM v7 gcc compiler'
arm-none-eabi-gcc -Wall -O0 -g3 -c -fmessage-length=0 -MT"src/rtos_software_timer.o" -mcpu=cortex-a9 -mfpu=vfpv3 -mfloat-abi=hard -I../../rtos_software_timer_bsp/ps7_cortexa9_0/include -MMD -MP -MF"src/rtos_software_timer.d" -MT"src/rtos_software_timer.o" -o "src/rtos_software_timer.o" "../src/rtos_software_timer.c"
'Finished building: ../src/rtos_software_timer.c'
' '
'Building target: rtos_software_timer.elf'
'Invoking: ARM v7 gcc linker'
arm-none-eabi-gcc -mcpu=cortex-a9 -mfpu=vfpv3 -mfloat-abi=hard -Wl,-build-id=none -specs=Xilinx.spec -Wl,-T -Wl,../src/lscript.ld -L../../rtos_software_timer_bsp/ps7_cortexa9_0/lib -o "rtos_software_timer.elf"  ./src/rtos_software_timer.o   -Wl,--start-group,-lxil,-lfreertos,-lgcc,-lc,--end-group
'Finished building target: rtos_software_timer.elf'
' '
'Invoking: ARM v7 Print Size'
arm-none-eabi-size rtos_software_timer.elf  |tee "rtos_software_timer.elf.size"
   text	   data	    bss	    dec	    hex	filename
  79364	   3408	  89440	 172212	  2a0b4	rtos_software_timer.elf
'Finished building: rtos_software_timer.elf.size'
' '
10:59:23 **** Auto Build of configuration Debug for project rtos_software_timer ****
make pre-build main-build 
a9-linaro-pre-build-step
' '
'Building file: ../src/rtos_software_timer.c'
'Invoking: ARM v7 gcc compiler'
arm-none-eabi-gcc -Wall -O0 -g3 -c -fmessage-length=0 -MT"src/rtos_software_timer.o" -mcpu=cortex-a9 -mfpu=vfpv3 -mfloat-abi=hard -I../../rtos_software_timer_bsp/ps7_cortexa9_0/include -MMD -MP -MF"src/rtos_software_timer.d" -MT"src/rtos_software_timer.o" -o "src/rtos_software_timer.o" "../src/rtos_software_timer.c"
'Finished building: ../src/rtos_software_timer.c'
' '
'Building target: rtos_software_timer.elf'
'Invoking: ARM v7 gcc linker'
arm-none-eabi-gcc -mcpu=cortex-a9 -mfpu=vfpv3 -mfloat-abi=hard -Wl,-build-id=none -specs=Xilinx.spec -Wl,-T -Wl,../src/lscript.ld -L../../rtos_software_timer_bsp/ps7_cortexa9_0/lib -o "rtos_software_timer.elf"  ./src/rtos_software_timer.o   -Wl,--start-group,-lxil,-lfreertos,-lgcc,-lc,--end-group
'Finished building target: rtos_software_timer.elf'
' '
'Invoking: ARM v7 Print Size'
arm-none-eabi-size rtos_software_timer.elf  |tee "rtos_software_timer.elf.size"
   text	   data	    bss	    dec	    hex	filename
  79364	   3408	  89440	 172212	  2a0b4	rtos_software_timer.elf
'Finished building: rtos_software_timer.elf.size'
' '
11:02:05 **** Auto Build of configuration Debug for project rtos_software_timer ****
make pre-build main-build 
a9-linaro-pre-build-step
' '
'Building file: ../src/rtos_software_timer.c'
'Invoking: ARM v7 gcc compiler'
arm-none-eabi-gcc -Wall -O0 -g3 -c -fmessage-length=0 -MT"src/rtos_software_timer.o" -mcpu=cortex-a9 -mfpu=vfpv3 -mfloat-abi=hard -I../../rtos_software_timer_bsp/ps7_cortexa9_0/include -MMD -MP -MF"src/rtos_software_timer.d" -MT"src/rtos_software_timer.o" -o "src/rtos_software_timer.o" "../src/rtos_software_timer.c"
'Finished building: ../src/rtos_software_timer.c'
' '
'Building target: rtos_software_timer.elf'
'Invoking: ARM v7 gcc linker'
arm-none-eabi-gcc -mcpu=cortex-a9 -mfpu=vfpv3 -mfloat-abi=hard -Wl,-build-id=none -specs=Xilinx.spec -Wl,-T -Wl,../src/lscript.ld -L../../rtos_software_timer_bsp/ps7_cortexa9_0/lib -o "rtos_software_timer.elf"  ./src/rtos_software_timer.o   -Wl,--start-group,-lxil,-lfreertos,-lgcc,-lc,--end-group
'Finished building target: rtos_software_timer.elf'
' '
'Invoking: ARM v7 Print Size'
arm-none-eabi-size rtos_software_timer.elf  |tee "rtos_software_timer.elf.size"
   text	   data	    bss	    dec	    hex	filename
  79364	   3408	  89440	 172212	  2a0b4	rtos_software_timer.elf
'Finished building: rtos_software_timer.elf.size'
' '
11:02:13 **** Auto Build of configuration Debug for project rtos_software_timer ****
make pre-build main-build 
a9-linaro-pre-build-step
' '
'Building file: ../src/rtos_software_timer.c'
'Invoking: ARM v7 gcc compiler'
arm-none-eabi-gcc -Wall -O0 -g3 -c -fmessage-length=0 -MT"src/rtos_software_timer.o" -mcpu=cortex-a9 -mfpu=vfpv3 -mfloat-abi=hard -I../../rtos_software_timer_bsp/ps7_cortexa9_0/include -MMD -MP -MF"src/rtos_software_timer.d" -MT"src/rtos_software_timer.o" -o "src/rtos_software_timer.o" "../src/rtos_software_timer.c"
'Finished building: ../src/rtos_software_timer.c'
' '
'Building target: rtos_software_timer.elf'
'Invoking: ARM v7 gcc linker'
arm-none-eabi-gcc -mcpu=cortex-a9 -mfpu=vfpv3 -mfloat-abi=hard -Wl,-build-id=none -specs=Xilinx.spec -Wl,-T -Wl,../src/lscript.ld -L../../rtos_software_timer_bsp/ps7_cortexa9_0/lib -o "rtos_software_timer.elf"  ./src/rtos_software_timer.o   -Wl,--start-group,-lxil,-lfreertos,-lgcc,-lc,--end-group
'Finished building target: rtos_software_timer.elf'
' '
'Invoking: ARM v7 Print Size'
arm-none-eabi-size rtos_software_timer.elf  |tee "rtos_software_timer.elf.size"
   text	   data	    bss	    dec	    hex	filename
  79364	   3408	  89440	 172212	  2a0b4	rtos_software_timer.elf
'Finished building: rtos_software_timer.elf.size'
' '
11:02:20 **** Auto Build of configuration Debug for project rtos_software_timer ****
make pre-build main-build 
a9-linaro-pre-build-step
' '
'Building file: ../src/rtos_software_timer.c'
'Invoking: ARM v7 gcc compiler'
arm-none-eabi-gcc -Wall -O0 -g3 -c -fmessage-length=0 -MT"src/rtos_software_timer.o" -mcpu=cortex-a9 -mfpu=vfpv3 -mfloat-abi=hard -I../../rtos_software_timer_bsp/ps7_cortexa9_0/include -MMD -MP -MF"src/rtos_software_timer.d" -MT"src/rtos_software_timer.o" -o "src/rtos_software_timer.o" "../src/rtos_software_timer.c"
'Finished building: ../src/rtos_software_timer.c'
' '
'Building target: rtos_software_timer.elf'
'Invoking: ARM v7 gcc linker'
arm-none-eabi-gcc -mcpu=cortex-a9 -mfpu=vfpv3 -mfloat-abi=hard -Wl,-build-id=none -specs=Xilinx.spec -Wl,-T -Wl,../src/lscript.ld -L../../rtos_software_timer_bsp/ps7_cortexa9_0/lib -o "rtos_software_timer.elf"  ./src/rtos_software_timer.o   -Wl,--start-group,-lxil,-lfreertos,-lgcc,-lc,--end-group
'Finished building target: rtos_software_timer.elf'
' '
'Invoking: ARM v7 Print Size'
arm-none-eabi-size rtos_software_timer.elf  |tee "rtos_software_timer.elf.size"
   text	   data	    bss	    dec	    hex	filename
  79364	   3408	  89440	 172212	  2a0b4	rtos_software_timer.elf
'Finished building: rtos_software_timer.elf.size'
' '
11:04:16 **** Auto Build of configuration Debug for project rtos_software_timer ****
make pre-build main-build 
a9-linaro-pre-build-step
' '
'Building file: ../src/rtos_software_timer.c'
'Invoking: ARM v7 gcc compiler'
arm-none-eabi-gcc -Wall -O0 -g3 -c -fmessage-length=0 -MT"src/rtos_software_timer.o" -mcpu=cortex-a9 -mfpu=vfpv3 -mfloat-abi=hard -I../../rtos_software_timer_bsp/ps7_cortexa9_0/include -MMD -MP -MF"src/rtos_software_timer.d" -MT"src/rtos_software_timer.o" -o "src/rtos_software_timer.o" "../src/rtos_software_timer.c"
'Finished building: ../src/rtos_software_timer.c'
' '
'Building target: rtos_software_timer.elf'
'Invoking: ARM v7 gcc linker'
arm-none-eabi-gcc -mcpu=cortex-a9 -mfpu=vfpv3 -mfloat-abi=hard -Wl,-build-id=none -specs=Xilinx.spec -Wl,-T -Wl,../src/lscript.ld -L../../rtos_software_timer_bsp/ps7_cortexa9_0/lib -o "rtos_software_timer.elf"  ./src/rtos_software_timer.o   -Wl,--start-group,-lxil,-lfreertos,-lgcc,-lc,--end-group
'Finished building target: rtos_software_timer.elf'
' '
'Invoking: ARM v7 Print Size'
arm-none-eabi-size rtos_software_timer.elf  |tee "rtos_software_timer.elf.size"
   text	   data	    bss	    dec	    hex	filename
  79364	   3408	  89440	 172212	  2a0b4	rtos_software_timer.elf
'Finished building: rtos_software_timer.elf.size'
' '
11:04:37 **** Incremental Build of configuration Debug for project rtos_software_timer ****
make pre-build main-build 
a9-linaro-pre-build-step
' '
make: Nothing to be done for 'main-build'.
11:07:16 **** Incremental Build of configuration Debug for project rtos_software_timer ****
make pre-build main-build 
a9-linaro-pre-build-step
' '
make: Nothing to be done for 'main-build'.
11:09:35 **** Auto Build of configuration Debug for project rtos_software_timer ****
make pre-build main-build 
a9-linaro-pre-build-step
' '
'Building file: ../src/rtos_software_timer.c'
'Invoking: ARM v7 gcc compiler'
arm-none-eabi-gcc -Wall -O0 -g3 -c -fmessage-length=0 -MT"src/rtos_software_timer.o" -mcpu=cortex-a9 -mfpu=vfpv3 -mfloat-abi=hard -I../../rtos_software_timer_bsp/ps7_cortexa9_0/include -MMD -MP -MF"src/rtos_software_timer.d" -MT"src/rtos_software_timer.o" -o "src/rtos_software_timer.o" "../src/rtos_software_timer.c"
'Finished building: ../src/rtos_software_timer.c'
' '
'Building target: rtos_software_timer.elf'
'Invoking: ARM v7 gcc linker'
arm-none-eabi-gcc -mcpu=cortex-a9 -mfpu=vfpv3 -mfloat-abi=hard -Wl,-build-id=none -specs=Xilinx.spec -Wl,-T -Wl,../src/lscript.ld -L../../rtos_software_timer_bsp/ps7_cortexa9_0/lib -o "rtos_software_timer.elf"  ./src/rtos_software_timer.o   -Wl,--start-group,-lxil,-lfreertos,-lgcc,-lc,--end-group
'Finished building target: rtos_software_timer.elf'
' '
'Invoking: ARM v7 Print Size'
arm-none-eabi-size rtos_software_timer.elf  |tee "rtos_software_timer.elf.size"
   text	   data	    bss	    dec	    hex	filename
  79436	   3408	  89440	 172284	  2a0fc	rtos_software_timer.elf
'Finished building: rtos_software_timer.elf.size'
' '
11:09:48 **** Incremental Build of configuration Debug for project rtos_software_timer ****
make pre-build main-build 
a9-linaro-pre-build-step
' '
make: Nothing to be done for 'main-build'.
11:12:23 **** Auto Build of configuration Debug for project rtos_software_timer ****
make pre-build main-build 
a9-linaro-pre-build-step
' '
'Building file: ../src/rtos_software_timer.c'
'Invoking: ARM v7 gcc compiler'
arm-none-eabi-gcc -Wall -O0 -g3 -c -fmessage-length=0 -MT"src/rtos_software_timer.o" -mcpu=cortex-a9 -mfpu=vfpv3 -mfloat-abi=hard -I../../rtos_software_timer_bsp/ps7_cortexa9_0/include -MMD -MP -MF"src/rtos_software_timer.d" -MT"src/rtos_software_timer.o" -o "src/rtos_software_timer.o" "../src/rtos_software_timer.c"
'Finished building: ../src/rtos_software_timer.c'
' '
'Building target: rtos_software_timer.elf'
'Invoking: ARM v7 gcc linker'
arm-none-eabi-gcc -mcpu=cortex-a9 -mfpu=vfpv3 -mfloat-abi=hard -Wl,-build-id=none -specs=Xilinx.spec -Wl,-T -Wl,../src/lscript.ld -L../../rtos_software_timer_bsp/ps7_cortexa9_0/lib -o "rtos_software_timer.elf"  ./src/rtos_software_timer.o   -Wl,--start-group,-lxil,-lfreertos,-lgcc,-lc,--end-group
'Finished building target: rtos_software_timer.elf'
' '
'Invoking: ARM v7 Print Size'
arm-none-eabi-size rtos_software_timer.elf  |tee "rtos_software_timer.elf.size"
   text	   data	    bss	    dec	    hex	filename
  79436	   3408	  89440	 172284	  2a0fc	rtos_software_timer.elf
'Finished building: rtos_software_timer.elf.size'
' '
11:12:29 **** Incremental Build of configuration Debug for project rtos_software_timer ****
make pre-build main-build 
a9-linaro-pre-build-step
' '
make: Nothing to be done for 'main-build'.
11:13:41 **** Auto Build of configuration Debug for project rtos_software_timer ****
make pre-build main-build 
a9-linaro-pre-build-step
' '
'Building file: ../src/rtos_software_timer.c'
'Invoking: ARM v7 gcc compiler'
arm-none-eabi-gcc -Wall -O0 -g3 -c -fmessage-length=0 -MT"src/rtos_software_timer.o" -mcpu=cortex-a9 -mfpu=vfpv3 -mfloat-abi=hard -I../../rtos_software_timer_bsp/ps7_cortexa9_0/include -MMD -MP -MF"src/rtos_software_timer.d" -MT"src/rtos_software_timer.o" -o "src/rtos_software_timer.o" "../src/rtos_software_timer.c"
'Finished building: ../src/rtos_software_timer.c'
' '
'Building target: rtos_software_timer.elf'
'Invoking: ARM v7 gcc linker'
arm-none-eabi-gcc -mcpu=cortex-a9 -mfpu=vfpv3 -mfloat-abi=hard -Wl,-build-id=none -specs=Xilinx.spec -Wl,-T -Wl,../src/lscript.ld -L../../rtos_software_timer_bsp/ps7_cortexa9_0/lib -o "rtos_software_timer.elf"  ./src/rtos_software_timer.o   -Wl,--start-group,-lxil,-lfreertos,-lgcc,-lc,--end-group
'Finished building target: rtos_software_timer.elf'
' '
'Invoking: ARM v7 Print Size'
arm-none-eabi-size rtos_software_timer.elf  |tee "rtos_software_timer.elf.size"
   text	   data	    bss	    dec	    hex	filename
  79436	   3408	  89440	 172284	  2a0fc	rtos_software_timer.elf
'Finished building: rtos_software_timer.elf.size'
' '
11:14:26 **** Auto Build of configuration Debug for project rtos_software_timer ****
make pre-build main-build 
a9-linaro-pre-build-step
' '
'Building file: ../src/rtos_software_timer.c'
'Invoking: ARM v7 gcc compiler'
arm-none-eabi-gcc -Wall -O0 -g3 -c -fmessage-length=0 -MT"src/rtos_software_timer.o" -mcpu=cortex-a9 -mfpu=vfpv3 -mfloat-abi=hard -I../../rtos_software_timer_bsp/ps7_cortexa9_0/include -MMD -MP -MF"src/rtos_software_timer.d" -MT"src/rtos_software_timer.o" -o "src/rtos_software_timer.o" "../src/rtos_software_timer.c"
'Finished building: ../src/rtos_software_timer.c'
' '
'Building target: rtos_software_timer.elf'
'Invoking: ARM v7 gcc linker'
arm-none-eabi-gcc -mcpu=cortex-a9 -mfpu=vfpv3 -mfloat-abi=hard -Wl,-build-id=none -specs=Xilinx.spec -Wl,-T -Wl,../src/lscript.ld -L../../rtos_software_timer_bsp/ps7_cortexa9_0/lib -o "rtos_software_timer.elf"  ./src/rtos_software_timer.o   -Wl,--start-group,-lxil,-lfreertos,-lgcc,-lc,--end-group
'Finished building target: rtos_software_timer.elf'
' '
'Invoking: ARM v7 Print Size'
arm-none-eabi-size rtos_software_timer.elf  |tee "rtos_software_timer.elf.size"
   text	   data	    bss	    dec	    hex	filename
  79436	   3408	  89440	 172284	  2a0fc	rtos_software_timer.elf
'Finished building: rtos_software_timer.elf.size'
' '
11:15:01 **** Incremental Build of configuration Debug for project rtos_software_timer ****
make pre-build main-build 
a9-linaro-pre-build-step
' '
make: Nothing to be done for 'main-build'.
11:15:45 **** Auto Build of configuration Debug for project rtos_software_timer ****
make pre-build main-build 
a9-linaro-pre-build-step
' '
'Building file: ../src/rtos_software_timer.c'
'Invoking: ARM v7 gcc compiler'
arm-none-eabi-gcc -Wall -O0 -g3 -c -fmessage-length=0 -MT"src/rtos_software_timer.o" -mcpu=cortex-a9 -mfpu=vfpv3 -mfloat-abi=hard -I../../rtos_software_timer_bsp/ps7_cortexa9_0/include -MMD -MP -MF"src/rtos_software_timer.d" -MT"src/rtos_software_timer.o" -o "src/rtos_software_timer.o" "../src/rtos_software_timer.c"
'Finished building: ../src/rtos_software_timer.c'
' '
'Building target: rtos_software_timer.elf'
'Invoking: ARM v7 gcc linker'
arm-none-eabi-gcc -mcpu=cortex-a9 -mfpu=vfpv3 -mfloat-abi=hard -Wl,-build-id=none -specs=Xilinx.spec -Wl,-T -Wl,../src/lscript.ld -L../../rtos_software_timer_bsp/ps7_cortexa9_0/lib -o "rtos_software_timer.elf"  ./src/rtos_software_timer.o   -Wl,--start-group,-lxil,-lfreertos,-lgcc,-lc,--end-group
'Finished building target: rtos_software_timer.elf'
' '
'Invoking: ARM v7 Print Size'
[...]
' '
'Invoking: ARM v7 Print Size'
arm-none-eabi-size rtos_software_timer.elf  |tee "rtos_software_timer.elf.size"
   text	   data	    bss	    dec	    hex	filename
  79532	   3408	  89456	 172396	  2a16c	rtos_software_timer.elf
'Finished building: rtos_software_timer.elf.size'
' '
13:20:46 **** Incremental Build of configuration Debug for project rtos_software_timer ****
make pre-build main-build 
a9-linaro-pre-build-step
' '
make: Nothing to be done for 'main-build'.
13:22:23 **** Auto Build of configuration Debug for project rtos_software_timer ****
make pre-build main-build 
a9-linaro-pre-build-step
' '
'Building file: ../src/rtos_software_timer.c'
'Invoking: ARM v7 gcc compiler'
arm-none-eabi-gcc -Wall -O0 -g3 -c -fmessage-length=0 -MT"src/rtos_software_timer.o" -mcpu=cortex-a9 -mfpu=vfpv3 -mfloat-abi=hard -I../../rtos_software_timer_bsp/ps7_cortexa9_0/include -MMD -MP -MF"src/rtos_software_timer.d" -MT"src/rtos_software_timer.o" -o "src/rtos_software_timer.o" "../src/rtos_software_timer.c"
In file included from ../src/rtos_software_timer.c:89:
../src/rtos_software_timer.c: In function 'vTIMERtask':
../../rtos_software_timer_bsp/ps7_cortexa9_0/include/timers.h:788:67: warning: passing argument 1 of 'xTimerGenericCommand' from incompatible pointer type [-Wincompatible-pointer-types]
 #define xTimerReset( xTimer, xTicksToWait ) xTimerGenericCommand( ( xTimer ), tmrCOMMAND_RESET, ( xTaskGetTickCount() ), NULL, ( xTicksToWait ) )
                                                                   ^~~~~~~~~~
../src/rtos_software_timer.c:269:2: note: in expansion of macro 'xTimerReset'
  xTimerReset( vTIMERtask, LEDseconds );
  ^~~~~~~~~~~
../../rtos_software_timer_bsp/ps7_cortexa9_0/include/timers.h:1265:48: note: expected 'TimerHandle_t' {aka 'struct tmrTimerControl *'} but argument is of type 'void (*)(struct tmrTimerControl *)'
 BaseType_t xTimerGenericCommand( TimerHandle_t xTimer, const BaseType_t xCommandID, const TickType_t xOptionalValue, BaseType_t * const pxHigherPriorityTaskWoken, const TickType_t xTicksToWait ) PRIVILEGED_FUNCTION;
                                  ~~~~~~~~~~~~~~^~~~~~
../src/rtos_software_timer.c: In function 'prvBTNtask':
../src/rtos_software_timer.c:312:18: warning: passing argument 1 of 'vTaskResume' from incompatible pointer type [-Wincompatible-pointer-types]
      vTaskResume(xTIMERtask);
                  ^~~~~~~~~~
In file included from ../src/rtos_software_timer.c:87:
../../rtos_software_timer_bsp/ps7_cortexa9_0/include/task.h:1105:32: note: expected 'TaskHandle_t' {aka 'struct tskTaskControlBlock *'} but argument is of type 'TimerHandle_t' {aka 'struct tmrTimerControl *'}
 void vTaskResume( TaskHandle_t xTaskToResume ) PRIVILEGED_FUNCTION;
                   ~~~~~~~~~~~~~^~~~~~~~~~~~~
../src/rtos_software_timer.c:319:19: warning: passing argument 1 of 'vTaskSuspend' from incompatible pointer type [-Wincompatible-pointer-types]
      vTaskSuspend(xTIMERtask);
                   ^~~~~~~~~~
In file included from ../src/rtos_software_timer.c:87:
../../rtos_software_timer_bsp/ps7_cortexa9_0/include/task.h:1056:33: note: expected 'TaskHandle_t' {aka 'struct tskTaskControlBlock *'} but argument is of type 'TimerHandle_t' {aka 'struct tmrTimerControl *'}
 void vTaskSuspend( TaskHandle_t xTaskToSuspend ) PRIVILEGED_FUNCTION;
                    ~~~~~~~~~~~~~^~~~~~~~~~~~~~
../src/rtos_software_timer.c: In function 'prvSWtask':
../src/rtos_software_timer.c:365:17: warning: passing argument 1 of 'vTaskSuspend' from incompatible pointer type [-Wincompatible-pointer-types]
    vTaskSuspend(xTIMERtask);
                 ^~~~~~~~~~
In file included from ../src/rtos_software_timer.c:87:
../../rtos_software_timer_bsp/ps7_cortexa9_0/include/task.h:1056:33: note: expected 'TaskHandle_t' {aka 'struct tskTaskControlBlock *'} but argument is of type 'TimerHandle_t' {aka 'struct tmrTimerControl *'}
 void vTaskSuspend( TaskHandle_t xTaskToSuspend ) PRIVILEGED_FUNCTION;
                    ~~~~~~~~~~~~~^~~~~~~~~~~~~~
../src/rtos_software_timer.c:369:17: warning: passing argument 1 of 'vTaskResume' from incompatible pointer type [-Wincompatible-pointer-types]
     vTaskResume(xTIMERtask);
                 ^~~~~~~~~~
In file included from ../src/rtos_software_timer.c:87:
../../rtos_software_timer_bsp/ps7_cortexa9_0/include/task.h:1105:32: note: expected 'TaskHandle_t' {aka 'struct tskTaskControlBlock *'} but argument is of type 'TimerHandle_t' {aka 'struct tmrTimerControl *'}
 void vTaskResume( TaskHandle_t xTaskToResume ) PRIVILEGED_FUNCTION;
                   ~~~~~~~~~~~~~^~~~~~~~~~~~~
'Finished building: ../src/rtos_software_timer.c'
' '
'Building target: rtos_software_timer.elf'
'Invoking: ARM v7 gcc linker'
arm-none-eabi-gcc -mcpu=cortex-a9 -mfpu=vfpv3 -mfloat-abi=hard -Wl,-build-id=none -specs=Xilinx.spec -Wl,-T -Wl,../src/lscript.ld -L../../rtos_software_timer_bsp/ps7_cortexa9_0/lib -o "rtos_software_timer.elf"  ./src/rtos_software_timer.o   -Wl,--start-group,-lxil,-lfreertos,-lgcc,-lc,--end-group
'Finished building target: rtos_software_timer.elf'
' '
'Invoking: ARM v7 Print Size'
arm-none-eabi-size rtos_software_timer.elf  |tee "rtos_software_timer.elf.size"
   text	   data	    bss	    dec	    hex	filename
  79532	   3408	  89456	 172396	  2a16c	rtos_software_timer.elf
'Finished building: rtos_software_timer.elf.size'
' '
13:22:28 **** Auto Build of configuration Debug for project rtos_software_timer ****
make pre-build main-build 
a9-linaro-pre-build-step
' '
'Building file: ../src/rtos_software_timer.c'
'Invoking: ARM v7 gcc compiler'
arm-none-eabi-gcc -Wall -O0 -g3 -c -fmessage-length=0 -MT"src/rtos_software_timer.o" -mcpu=cortex-a9 -mfpu=vfpv3 -mfloat-abi=hard -I../../rtos_software_timer_bsp/ps7_cortexa9_0/include -MMD -MP -MF"src/rtos_software_timer.d" -MT"src/rtos_software_timer.o" -o "src/rtos_software_timer.o" "../src/rtos_software_timer.c"
In file included from ../src/rtos_software_timer.c:89:
../src/rtos_software_timer.c: In function 'vTIMERtask':
../../rtos_software_timer_bsp/ps7_cortexa9_0/include/timers.h:788:67: warning: passing argument 1 of 'xTimerGenericCommand' from incompatible pointer type [-Wincompatible-pointer-types]
 #define xTimerReset( xTimer, xTicksToWait ) xTimerGenericCommand( ( xTimer ), tmrCOMMAND_RESET, ( xTaskGetTickCount() ), NULL, ( xTicksToWait ) )
                                                                   ^~~~~~~~~~
../src/rtos_software_timer.c:269:2: note: in expansion of macro 'xTimerReset'
  xTimerReset( vTIMERtask, LEDseconds );
  ^~~~~~~~~~~
../../rtos_software_timer_bsp/ps7_cortexa9_0/include/timers.h:1265:48: note: expected 'TimerHandle_t' {aka 'struct tmrTimerControl *'} but argument is of type 'void (*)(struct tmrTimerControl *)'
 BaseType_t xTimerGenericCommand( TimerHandle_t xTimer, const BaseType_t xCommandID, const TickType_t xOptionalValue, BaseType_t * const pxHigherPriorityTaskWoken, const TickType_t xTicksToWait ) PRIVILEGED_FUNCTION;
                                  ~~~~~~~~~~~~~~^~~~~~
../src/rtos_software_timer.c: In function 'prvBTNtask':
../src/rtos_software_timer.c:312:18: warning: passing argument 1 of 'vTaskResume' from incompatible pointer type [-Wincompatible-pointer-types]
      vTaskResume(xTIMERtask);
                  ^~~~~~~~~~
In file included from ../src/rtos_software_timer.c:87:
../../rtos_software_timer_bsp/ps7_cortexa9_0/include/task.h:1105:32: note: expected 'TaskHandle_t' {aka 'struct tskTaskControlBlock *'} but argument is of type 'TimerHandle_t' {aka 'struct tmrTimerControl *'}
 void vTaskResume( TaskHandle_t xTaskToResume ) PRIVILEGED_FUNCTION;
                   ~~~~~~~~~~~~~^~~~~~~~~~~~~
../src/rtos_software_timer.c:319:19: warning: passing argument 1 of 'vTaskSuspend' from incompatible pointer type [-Wincompatible-pointer-types]
      vTaskSuspend(xTIMERtask);
                   ^~~~~~~~~~
In file included from ../src/rtos_software_timer.c:87:
../../rtos_software_timer_bsp/ps7_cortexa9_0/include/task.h:1056:33: note: expected 'TaskHandle_t' {aka 'struct tskTaskControlBlock *'} but argument is of type 'TimerHandle_t' {aka 'struct tmrTimerControl *'}
 void vTaskSuspend( TaskHandle_t xTaskToSuspend ) PRIVILEGED_FUNCTION;
                    ~~~~~~~~~~~~~^~~~~~~~~~~~~~
../src/rtos_software_timer.c: In function 'prvSWtask':
../src/rtos_software_timer.c:365:17: warning: passing argument 1 of 'vTaskSuspend' from incompatible pointer type [-Wincompatible-pointer-types]
    vTaskSuspend(xTIMERtask);
                 ^~~~~~~~~~
In file included from ../src/rtos_software_timer.c:87:
../../rtos_software_timer_bsp/ps7_cortexa9_0/include/task.h:1056:33: note: expected 'TaskHandle_t' {aka 'struct tskTaskControlBlock *'} but argument is of type 'TimerHandle_t' {aka 'struct tmrTimerControl *'}
 void vTaskSuspend( TaskHandle_t xTaskToSuspend ) PRIVILEGED_FUNCTION;
                    ~~~~~~~~~~~~~^~~~~~~~~~~~~~
../src/rtos_software_timer.c:369:17: warning: passing argument 1 of 'vTaskResume' from incompatible pointer type [-Wincompatible-pointer-types]
     vTaskResume(xTIMERtask);
                 ^~~~~~~~~~
In file included from ../src/rtos_software_timer.c:87:
../../rtos_software_timer_bsp/ps7_cortexa9_0/include/task.h:1105:32: note: expected 'TaskHandle_t' {aka 'struct tskTaskControlBlock *'} but argument is of type 'TimerHandle_t' {aka 'struct tmrTimerControl *'}
 void vTaskResume( TaskHandle_t xTaskToResume ) PRIVILEGED_FUNCTION;
                   ~~~~~~~~~~~~~^~~~~~~~~~~~~
'Finished building: ../src/rtos_software_timer.c'
' '
'Building target: rtos_software_timer.elf'
'Invoking: ARM v7 gcc linker'
arm-none-eabi-gcc -mcpu=cortex-a9 -mfpu=vfpv3 -mfloat-abi=hard -Wl,-build-id=none -specs=Xilinx.spec -Wl,-T -Wl,../src/lscript.ld -L../../rtos_software_timer_bsp/ps7_cortexa9_0/lib -o "rtos_software_timer.elf"  ./src/rtos_software_timer.o   -Wl,--start-group,-lxil,-lfreertos,-lgcc,-lc,--end-group
'Finished building target: rtos_software_timer.elf'
' '
'Invoking: ARM v7 Print Size'
arm-none-eabi-size rtos_software_timer.elf  |tee "rtos_software_timer.elf.size"
   text	   data	    bss	    dec	    hex	filename
  79532	   3408	  89456	 172396	  2a16c	rtos_software_timer.elf
'Finished building: rtos_software_timer.elf.size'
' '
13:22:56 **** Auto Build of configuration Debug for project rtos_software_timer ****
make pre-build main-build 
a9-linaro-pre-build-step
' '
'Building file: ../src/rtos_software_timer.c'
'Invoking: ARM v7 gcc compiler'
arm-none-eabi-gcc -Wall -O0 -g3 -c -fmessage-length=0 -MT"src/rtos_software_timer.o" -mcpu=cortex-a9 -mfpu=vfpv3 -mfloat-abi=hard -I../../rtos_software_timer_bsp/ps7_cortexa9_0/include -MMD -MP -MF"src/rtos_software_timer.d" -MT"src/rtos_software_timer.o" -o "src/rtos_software_timer.o" "../src/rtos_software_timer.c"
In file included from ../src/rtos_software_timer.c:89:
../src/rtos_software_timer.c: In function 'vTIMERtask':
../../rtos_software_timer_bsp/ps7_cortexa9_0/include/timers.h:788:67: warning: passing argument 1 of 'xTimerGenericCommand' from incompatible pointer type [-Wincompatible-pointer-types]
 #define xTimerReset( xTimer, xTicksToWait ) xTimerGenericCommand( ( xTimer ), tmrCOMMAND_RESET, ( xTaskGetTickCount() ), NULL, ( xTicksToWait ) )
                                                                   ^~~~~~~~~~
../src/rtos_software_timer.c:269:2: note: in expansion of macro 'xTimerReset'
  xTimerReset( vTIMERtask, LEDseconds );
  ^~~~~~~~~~~
../../rtos_software_timer_bsp/ps7_cortexa9_0/include/timers.h:1265:48: note: expected 'TimerHandle_t' {aka 'struct tmrTimerControl *'} but argument is of type 'void (*)(struct tmrTimerControl *)'
 BaseType_t xTimerGenericCommand( TimerHandle_t xTimer, const BaseType_t xCommandID, const TickType_t xOptionalValue, BaseType_t * const pxHigherPriorityTaskWoken, const TickType_t xTicksToWait ) PRIVILEGED_FUNCTION;
                                  ~~~~~~~~~~~~~~^~~~~~
../src/rtos_software_timer.c: In function 'prvBTNtask':
../src/rtos_software_timer.c:312:18: warning: passing argument 1 of 'vTaskResume' from incompatible pointer type [-Wincompatible-pointer-types]
      vTaskResume(xTIMERtask);
                  ^~~~~~~~~~
In file included from ../src/rtos_software_timer.c:87:
../../rtos_software_timer_bsp/ps7_cortexa9_0/include/task.h:1105:32: note: expected 'TaskHandle_t' {aka 'struct tskTaskControlBlock *'} but argument is of type 'TimerHandle_t' {aka 'struct tmrTimerControl *'}
 void vTaskResume( TaskHandle_t xTaskToResume ) PRIVILEGED_FUNCTION;
                   ~~~~~~~~~~~~~^~~~~~~~~~~~~
../src/rtos_software_timer.c:319:19: warning: passing argument 1 of 'vTaskSuspend' from incompatible pointer type [-Wincompatible-pointer-types]
      vTaskSuspend(xTIMERtask);
                   ^~~~~~~~~~
In file included from ../src/rtos_software_timer.c:87:
../../rtos_software_timer_bsp/ps7_cortexa9_0/include/task.h:1056:33: note: expected 'TaskHandle_t' {aka 'struct tskTaskControlBlock *'} but argument is of type 'TimerHandle_t' {aka 'struct tmrTimerControl *'}
 void vTaskSuspend( TaskHandle_t xTaskToSuspend ) PRIVILEGED_FUNCTION;
                    ~~~~~~~~~~~~~^~~~~~~~~~~~~~
../src/rtos_software_timer.c: In function 'prvSWtask':
../src/rtos_software_timer.c:365:17: warning: passing argument 1 of 'vTaskSuspend' from incompatible pointer type [-Wincompatible-pointer-types]
    vTaskSuspend(xTIMERtask);
                 ^~~~~~~~~~
In file included from ../src/rtos_software_timer.c:87:
../../rtos_software_timer_bsp/ps7_cortexa9_0/include/task.h:1056:33: note: expected 'TaskHandle_t' {aka 'struct tskTaskControlBlock *'} but argument is of type 'TimerHandle_t' {aka 'struct tmrTimerControl *'}
 void vTaskSuspend( TaskHandle_t xTaskToSuspend ) PRIVILEGED_FUNCTION;
                    ~~~~~~~~~~~~~^~~~~~~~~~~~~~
../src/rtos_software_timer.c:369:17: warning: passing argument 1 of 'vTaskResume' from incompatible pointer type [-Wincompatible-pointer-types]
     vTaskResume(xTIMERtask);
                 ^~~~~~~~~~
In file included from ../src/rtos_software_timer.c:87:
../../rtos_software_timer_bsp/ps7_cortexa9_0/include/task.h:1105:32: note: expected 'TaskHandle_t' {aka 'struct tskTaskControlBlock *'} but argument is of type 'TimerHandle_t' {aka 'struct tmrTimerControl *'}
 void vTaskResume( TaskHandle_t xTaskToResume ) PRIVILEGED_FUNCTION;
                   ~~~~~~~~~~~~~^~~~~~~~~~~~~
'Finished building: ../src/rtos_software_timer.c'
' '
'Building target: rtos_software_timer.elf'
'Invoking: ARM v7 gcc linker'
arm-none-eabi-gcc -mcpu=cortex-a9 -mfpu=vfpv3 -mfloat-abi=hard -Wl,-build-id=none -specs=Xilinx.spec -Wl,-T -Wl,../src/lscript.ld -L../../rtos_software_timer_bsp/ps7_cortexa9_0/lib -o "rtos_software_timer.elf"  ./src/rtos_software_timer.o   -Wl,--start-group,-lxil,-lfreertos,-lgcc,-lc,--end-group
'Finished building target: rtos_software_timer.elf'
' '
'Invoking: ARM v7 Print Size'
arm-none-eabi-size rtos_software_timer.elf  |tee "rtos_software_timer.elf.size"
   text	   data	    bss	    dec	    hex	filename
  79532	   3408	  89456	 172396	  2a16c	rtos_software_timer.elf
'Finished building: rtos_software_timer.elf.size'
' '
13:23:03 **** Auto Build of configuration Debug for project rtos_software_timer ****
make pre-build main-build 
a9-linaro-pre-build-step
' '
'Building file: ../src/rtos_software_timer.c'
'Invoking: ARM v7 gcc compiler'
arm-none-eabi-gcc -Wall -O0 -g3 -c -fmessage-length=0 -MT"src/rtos_software_timer.o" -mcpu=cortex-a9 -mfpu=vfpv3 -mfloat-abi=hard -I../../rtos_software_timer_bsp/ps7_cortexa9_0/include -MMD -MP -MF"src/rtos_software_timer.d" -MT"src/rtos_software_timer.o" -o "src/rtos_software_timer.o" "../src/rtos_software_timer.c"
In file included from ../src/rtos_software_timer.c:89:
../src/rtos_software_timer.c: In function 'vTIMERtask':
../../rtos_software_timer_bsp/ps7_cortexa9_0/include/timers.h:788:67: warning: passing argument 1 of 'xTimerGenericCommand' from incompatible pointer type [-Wincompatible-pointer-types]
 #define xTimerReset( xTimer, xTicksToWait ) xTimerGenericCommand( ( xTimer ), tmrCOMMAND_RESET, ( xTaskGetTickCount() ), NULL, ( xTicksToWait ) )
                                                                   ^~~~~~~~~~
../src/rtos_software_timer.c:269:2: note: in expansion of macro 'xTimerReset'
  xTimerReset( vTIMERtask, LEDseconds );
  ^~~~~~~~~~~
../../rtos_software_timer_bsp/ps7_cortexa9_0/include/timers.h:1265:48: note: expected 'TimerHandle_t' {aka 'struct tmrTimerControl *'} but argument is of type 'void (*)(struct tmrTimerControl *)'
 BaseType_t xTimerGenericCommand( TimerHandle_t xTimer, const BaseType_t xCommandID, const TickType_t xOptionalValue, BaseType_t * const pxHigherPriorityTaskWoken, const TickType_t xTicksToWait ) PRIVILEGED_FUNCTION;
                                  ~~~~~~~~~~~~~~^~~~~~
../src/rtos_software_timer.c: In function 'prvBTNtask':
../src/rtos_software_timer.c:312:18: warning: passing argument 1 of 'vTaskResume' from incompatible pointer type [-Wincompatible-pointer-types]
      vTaskResume(xTIMERtask);
                  ^~~~~~~~~~
In file included from ../src/rtos_software_timer.c:87:
../../rtos_software_timer_bsp/ps7_cortexa9_0/include/task.h:1105:32: note: expected 'TaskHandle_t' {aka 'struct tskTaskControlBlock *'} but argument is of type 'TimerHandle_t' {aka 'struct tmrTimerControl *'}
 void vTaskResume( TaskHandle_t xTaskToResume ) PRIVILEGED_FUNCTION;
                   ~~~~~~~~~~~~~^~~~~~~~~~~~~
../src/rtos_software_timer.c:319:19: warning: passing argument 1 of 'vTaskSuspend' from incompatible pointer type [-Wincompatible-pointer-types]
      vTaskSuspend(xTIMERtask);
                   ^~~~~~~~~~
In file included from ../src/rtos_software_timer.c:87:
../../rtos_software_timer_bsp/ps7_cortexa9_0/include/task.h:1056:33: note: expected 'TaskHandle_t' {aka 'struct tskTaskControlBlock *'} but argument is of type 'TimerHandle_t' {aka 'struct tmrTimerControl *'}
 void vTaskSuspend( TaskHandle_t xTaskToSuspend ) PRIVILEGED_FUNCTION;
                    ~~~~~~~~~~~~~^~~~~~~~~~~~~~
../src/rtos_software_timer.c: In function 'prvSWtask':
../src/rtos_software_timer.c:365:17: warning: passing argument 1 of 'vTaskSuspend' from incompatible pointer type [-Wincompatible-pointer-types]
    vTaskSuspend(xTIMERtask);
                 ^~~~~~~~~~
In file included from ../src/rtos_software_timer.c:87:
../../rtos_software_timer_bsp/ps7_cortexa9_0/include/task.h:1056:33: note: expected 'TaskHandle_t' {aka 'struct tskTaskControlBlock *'} but argument is of type 'TimerHandle_t' {aka 'struct tmrTimerControl *'}
 void vTaskSuspend( TaskHandle_t xTaskToSuspend ) PRIVILEGED_FUNCTION;
                    ~~~~~~~~~~~~~^~~~~~~~~~~~~~
../src/rtos_software_timer.c:369:17: warning: passing argument 1 of 'vTaskResume' from incompatible pointer type [-Wincompatible-pointer-types]
     vTaskResume(xTIMERtask);
                 ^~~~~~~~~~
In file included from ../src/rtos_software_timer.c:87:
../../rtos_software_timer_bsp/ps7_cortexa9_0/include/task.h:1105:32: note: expected 'TaskHandle_t' {aka 'struct tskTaskControlBlock *'} but argument is of type 'TimerHandle_t' {aka 'struct tmrTimerControl *'}
 void vTaskResume( TaskHandle_t xTaskToResume ) PRIVILEGED_FUNCTION;
                   ~~~~~~~~~~~~~^~~~~~~~~~~~~
'Finished building: ../src/rtos_software_timer.c'
' '
'Building target: rtos_software_timer.elf'
'Invoking: ARM v7 gcc linker'
arm-none-eabi-gcc -mcpu=cortex-a9 -mfpu=vfpv3 -mfloat-abi=hard -Wl,-build-id=none -specs=Xilinx.spec -Wl,-T -Wl,../src/lscript.ld -L../../rtos_software_timer_bsp/ps7_cortexa9_0/lib -o "rtos_software_timer.elf"  ./src/rtos_software_timer.o   -Wl,--start-group,-lxil,-lfreertos,-lgcc,-lc,--end-group
'Finished building target: rtos_software_timer.elf'
' '
'Invoking: ARM v7 Print Size'
arm-none-eabi-size rtos_software_timer.elf  |tee "rtos_software_timer.elf.size"
   text	   data	    bss	    dec	    hex	filename
  79532	   3408	  89456	 172396	  2a16c	rtos_software_timer.elf
'Finished building: rtos_software_timer.elf.size'
' '
