11:18:18 **** Auto Build of configuration Debug for project rtos_software_timer ****
make pre-build main-build 
a9-linaro-pre-build-step
' '
'Building file: ../src/rtos_software_timer.c'
'Invoking: ARM v7 gcc compiler'
arm-none-eabi-gcc -Wall -O0 -g3 -c -fmessage-length=0 -MT"src/rtos_software_timer.o" -mcpu=cortex-a9 -mfpu=vfpv3 -mfloat-abi=hard -I../../rtos_software_timer_bsp/ps7_cortexa9_0/include -MMD -MP -MF"src/rtos_software_timer.d" -MT"src/rtos_software_timer.o" -o "src/rtos_software_timer.o" "../src/rtos_software_timer.c"
'Finished building: ../src/rtos_software_timer.c'
' '
'Building target: rtos_software_timer.elf'
'Invoking: ARM v7 gcc linker'
arm-none-eabi-gcc -mcpu=cortex-a9 -mfpu=vfpv3 -mfloat-abi=hard -Wl,-build-id=none -specs=Xilinx.spec -Wl,-T -Wl,../src/lscript.ld -L../../rtos_software_timer_bsp/ps7_cortexa9_0/lib -o "rtos_software_timer.elf"  ./src/rtos_software_timer.o   -Wl,--start-group,-lxil,-lfreertos,-lgcc,-lc,--end-group
'Finished building target: rtos_software_timer.elf'
' '
'Invoking: ARM v7 Print Size'
arm-none-eabi-size rtos_software_timer.elf  |tee "rtos_software_timer.elf.size"
   text	   data	    bss	    dec	    hex	filename
  79244	   3408	  89440	 172092	  2a03c	rtos_software_timer.elf
'Finished building: rtos_software_timer.elf.size'
' '

11:18:20 Build Finished (took 2s.362ms)

